Microchip MPLAB XC8 Compiler V3.10

Linker command line:

-W-3 --edf=/opt/microchip/xc8/v3.10/pic/dat/20250813170317_en.msgs -cn \
  -h+/home/krubro/Desktop/Emertxe/MC-Assignments/AS-08/out/AS-08/production/default-production.sym \
  --cmf=/home/krubro/Desktop/Emertxe/MC-Assignments/AS-08/out/AS-08/production/default-production.cmf \
  -z -Q16F877A -o/tmp/xcXINEPeG/driver_tmp_3.o --defsym=__MPLAB_BUILD=1 \
  --fixupoverflow=error -Mmem.map --md=/tmp/xcXINEPeG/driver_tmp_0.dat -E1 \
  -ver=XC8 Compiler -ACODE=00h-07FFhx4 -ASTRCODE=00h-01FFFh \
  -ASTRING=00h-0FFhx32 -ACONST=00h-0FFhx32 -AENTRY=00h-0FFhx32 \
  -ACOMMON=070h-07Fh -ABANK0=020h-06Fh -ABANK1=0A0h-0EFh \
  -ABANK2=0110h-016Fh -ABANK3=0190h-01EFh \
  -ARAM=020h-06Fh,0A0h-0EFh,0110h-016Fh,0190h-01EFh \
  -AABS1=020h-07Fh,0A0h-0EFh,0110h-016Fh,0190h-01EFh -ASFR0=00h-01Fh \
  -ASFR1=080h-09Fh -ASFR2=0100h-010Fh -ASFR3=0180h-018Fh \
  -ACONFIG=02007h-02007h -DCONFIG=2 -AIDLOC=02000h-02003h -DIDLOC=2 \
  -AEEDATA=00h-0FFh/02100h -peeprom_data=EEDATA -DEEDATA=2 -DCODE=2 \
  -DSTRCODE=2 -DSTRING=2 -DCONST=2 -DENTRY=2 \
  -preset_vec=00h,intentry=04h,sivt,init,end_init -ppowerup=CODE \
  -pcinit=CODE -pfunctab=ENTRY -k /tmp/xcXINEPeG/driver_tmp_10.o \
  /home/krubro/Desktop/Emertxe/MC-Assignments/AS-08/out/AS-08/production/default-production.o 

Object code version is 3.11

Machine type is 16F877A



                Name                               Link     Load   Length Selector   Space Scale
/tmp/xcXINEPeG/driver_tmp_10.o
                end_init                              C        C        3        8       0
                reset_vec                             0        0        3        0       0
                config                             2007     2007        1        0       4
/home/krubro/Desktop/Emertxe/MC-Assignments/AS-08/out/AS-08/production/default-production.o
                cinit                                 F        F       17        8       0
                intentry                              4        4        8        8       0
                config                             2007     2007        1        0       4
                text7                               1C9      1C9       2C        8       0
                text6                                D0       D0       63        8       0
                text5                               133      133       57        8       0
                text4                               18A      18A       3F        8       0
                text3                               219      219        C        8       0
                text2                               208      208       11        8       0
                text1                               230      230        B        8       0
                maintext                             26       26       AA        8       0
                cstackBANK0                          20       20       12       20       1
                cstackCOMMON                         70       70        A       70       1
                inittext                            1F5      1F5       13        8       0
                dataBANK0                            32       32        B       20       1
                bssBANK0                             3D       3D        3       20       1
                bssCOMMON                            7A       7A        2       70       1
                idataBANK0                          225      225        B        8       0

TOTAL           Name                               Link     Load   Length     Space
        CLASS   CODE           
                end_init                              C        C        3         0
                cinit                                 F        F       17         0
                intentry                              4        4        8         0
                reset_vec                             0        0        3         0
                text7                               1C9      1C9       2C         0
                text6                                D0       D0       63         0
                text5                               133      133       57         0
                text4                               18A      18A       3F         0
                text3                               219      219        C         0
                text2                               208      208       11         0
                text1                               230      230        B         0
                maintext                             26       26       AA         0
                inittext                            1F5      1F5       13         0
                idataBANK0                          225      225        B         0

        CLASS   STRCODE        

        CLASS   STRING         

        CLASS   CONST          

        CLASS   ENTRY          

        CLASS   COMMON         
                cstackCOMMON                         70       70        A         1
                bssCOMMON                            7A       7A        2         1

        CLASS   BANK0          
                cstackBANK0                          20       20       12         1
                dataBANK0                            32       32        B         1
                bssBANK0                             3D       3D        3         1

        CLASS   BANK1          

        CLASS   BANK2          

        CLASS   BANK3          

        CLASS   RAM            

        CLASS   ABS1           
                abs_s1                               7E       7E        2         1

        CLASS   SFR0           

        CLASS   SFR1           

        CLASS   SFR2           

        CLASS   SFR3           

        CLASS   CONFIG         
                config                             2007     2007        1         4

        CLASS   IDLOC          

        CLASS   EEDATA         

        CLASS   HEAP           

        CLASS   STACK          



SEGMENTS        Name                           Load    Length   Top    Selector   Space  Class     Delta

                reset_vec                      000000  000003  000003         0       0  CODE        2
                cstackBANK0                    000020  000020  000040        20       1  BANK0       1
                intentry                       000004  000237  00023B         8       0  CODE        2
                cstackCOMMON                   000070  00000C  00007C        70       1  COMMON      1


UNUSED ADDRESS RANGES

        Name                Unused          Largest block    Delta
        BANK0            0040-006F             30           1
        BANK1            00A0-00EF             50           1
        BANK2            0110-016F             60           1
        BANK3            0190-01EF             60           1
        CODE             0003-0003              1           2
                         023B-1FFF            800
        COMMON           007C-007D              2           1
        CONST            0003-0003              1           2
                         023B-1FFF            100
        EEDATA           2100-21FF            100           2
        ENTRY            0003-0003              1           2
                         023B-1FFF            100
        IDLOC            2000-2003              4           2
        RAM              0040-006F             30           1
                         00A0-00EF             50
                         0110-016F             60
                         0190-01EF             60
        SFR0             0000-001F             20           1
        SFR1             0080-009F             20           1
        SFR2             0100-010F             10           1
        SFR3             0180-018F             10           1
        STRCODE          0003-0003              1           2
                         023B-1FFF           1DC5
        STRING           0003-0003              1           2
                         023B-1FFF            100

                                  Symbol Table

?___awdiv                cstackCOMMON 0072
?___awmod                cstackCOMMON 0072
_GIE                     (abs)        005F
_PEIE                    (abs)        005E
_PORTA                   (abs)        0005
_PORTD                   (abs)        0008
_PSA                     (abs)        040B
_T0CS                    (abs)        040D
_TMR0                    (abs)        0001
_TMR0IE                  (abs)        005D
_TMR0IF                  (abs)        005A
_TRISA                   (abs)        0085
_TRISB                   (abs)        0086
_TRISD                   (abs)        0088
__H__absolute__          __absolute__ 0000
__Habs1                  abs1         0000
__Hbank0                 bank0        0000
__Hbank1                 bank1        0000
__Hbank2                 bank2        0000
__Hbank3                 bank3        0000
__HbssBANK0              bssBANK0     0000
__HbssCOMMON             bssCOMMON    0000
__Hcinit                 cinit        0026
__Hclrtext               clrtext      0000
__Hcode                  code         0000
__Hcommon                common       0000
__Hconfig                config       2008
__HcstackBANK0           cstackBANK0  0000
__HcstackCOMMON          cstackCOMMON 0000
__HdataBANK0             dataBANK0    0000
__Heeprom_data           eeprom_data  0000
__Hend_init              end_init     000F
__Hfunctab               functab      0000
__Hheap                  heap         0000
__HidataBANK0            idataBANK0   0000
__Hinit                  init         000C
__Hinittext              inittext     0000
__Hintentry              intentry     000C
__Hmaintext              maintext     0000
__Hpowerup               powerup      0000
__Hram                   ram          0000
__Hreset_vec             reset_vec    0003
__Hsfr0                  sfr0         0000
__Hsfr1                  sfr1         0000
__Hsfr2                  sfr2         0000
__Hsfr3                  sfr3         0000
__Hsivt                  sivt         000C
__Hspace_0               (abs)        023B
__Hspace_1               (abs)        007C
__Hspace_2               (abs)        0000
__Hspace_3               (abs)        0000
__Hspace_4               (abs)        400F
__Hstack                 stack        0000
__Hstrings               strings      0000
__Htext                  text         0000
__L__absolute__          __absolute__ 0000
__Labs1                  abs1         0000
__Lbank0                 bank0        0000
__Lbank1                 bank1        0000
__Lbank2                 bank2        0000
__Lbank3                 bank3        0000
__LbssBANK0              bssBANK0     0000
__LbssCOMMON             bssCOMMON    0000
__Lcinit                 cinit        000F
__Lclrtext               clrtext      0000
__Lcode                  code         0000
__Lcommon                common       0000
__Lconfig                config       0000
__LcstackBANK0           cstackBANK0  0000
__LcstackCOMMON          cstackCOMMON 0000
__LdataBANK0             dataBANK0    0000
__Leeprom_data           eeprom_data  0000
__Lend_init              end_init     000C
__Lfunctab               functab      0000
__Lheap                  heap         0000
__LidataBANK0            idataBANK0   0000
__Linit                  init         000C
__Linittext              inittext     0000
__Lintentry              intentry     0004
__Lmaintext              maintext     0000
__Lpowerup               powerup      0000
__Lram                   ram          0000
__Lreset_vec             reset_vec    0000
__Lsfr0                  sfr0         0000
__Lsfr1                  sfr1         0000
__Lsfr2                  sfr2         0000
__Lsfr3                  sfr3         0000
__Lsivt                  sivt         000C
__Lspace_0               (abs)        0000
__Lspace_1               (abs)        0000
__Lspace_2               (abs)        0000
__Lspace_3               (abs)        0000
__Lspace_4               (abs)        0000
__Lstack                 stack        0000
__Lstrings               strings      0000
__Ltext                  text         0000
__S0                     (abs)        023B
__S1                     (abs)        007C
__S3                     (abs)        0000
___awdiv                 text6        00D0
___awdiv@counter         cstackCOMMON 0076
___awdiv@dividend        cstackCOMMON 0074
___awdiv@divisor         cstackCOMMON 0072
___awdiv@quotient        cstackCOMMON 0078
___awdiv@sign            cstackCOMMON 0077
___awmod                 text5        0133
___awmod@counter         cstackCOMMON 0076
___awmod@dividend        cstackCOMMON 0074
___awmod@divisor         cstackCOMMON 0072
___awmod@sign            cstackCOMMON 0077
___heap_hi               (abs)        0000
___heap_lo               (abs)        0000
___int_sp                stack        0000
___int_stack_hi          stack        0000
___int_stack_lo          stack        0000
___latbits               (abs)        0002
___sp                    stack        0000
___stack_hi              stack        0000
___stack_lo              stack        0000
___stackhi               (abs)        0000
___stacklo               (abs)        0000
__end_of___awdiv         text6        0133
__end_of___awmod         text5        018A
__end_of__initialization cinit        0022
__end_of_display         text4        01C9
__end_of_initConfig      text1        023B
__end_of_initTimer0      text3        0225
__end_of_init_ssd        text2        0219
__end_of_isr             text7        01F5
__end_of_main            maintext     00D0
__initialization         cinit        000F
__pbssBANK0              bssBANK0     003D
__pbssCOMMON             bssCOMMON    007A
__pcstackBANK0           cstackBANK0  0020
__pcstackCOMMON          cstackCOMMON 0070
__pdataBANK0             dataBANK0    0032
__pidataBANK0            idataBANK0   0225
__pintentry              intentry     0004
__pmaintext              maintext     0026
__ptext1                 text1        0230
__ptext2                 text2        0208
__ptext3                 text3        0219
__ptext4                 text4        018A
__ptext5                 text5        0133
__ptext6                 text6        00D0
__ptext7                 text7        01C9
_blink_dot               bssBANK0     003E
_display                 text4        018A
_initConfig              text1        0230
_initTimer0              text3        0219
_init_ssd                text2        0208
_isr                     text7        01C9
_main                    maintext     0026
_minute                  bssBANK0     003D
_second                  bssBANK0     003F
btemp                    (abs)        007E
btemp0                   (abs)        007E
btemp1                   (abs)        007F
display@i                cstackCOMMON 0076
display@ssd              cstackCOMMON 0072
display@wait             cstackCOMMON 0074
end_of_initialization    cinit        0022
init_fetch0              inittext     01F5
init_ram0                inittext     01F9
interrupt_function       intentry     0004
intlevel0                functab      0000
intlevel1                functab      0000
intlevel2                functab      0000
intlevel3                functab      0000
intlevel4                functab      0000
intlevel5                functab      0000
isr@count                bssCOMMON    007A
ltemp0a                  (abs)        0080
main@F1018               dataBANK0    0032
main@digits              cstackBANK0  0024
main@hour                dataBANK0    003C
main@ssd                 cstackBANK0  002E
reset_vec                reset_vec    0000
saved_w                  (abs)        007E
start                    init         000C
start_initialization     cinit        000F
ttemp0a                  (abs)        007F
wtemp0                   (abs)        007E
wtemp0a                  (abs)        007F


MODULE INFORMATION

Module		Function		Class		Link	Load	Size
/home/krubro/Desktop/Emertxe/MC-Assignments/AS-08/ssd.c
		_init_ssd      		CODE           	0208	0000	17
		_display       		CODE           	018A	0000	63

/home/krubro/Desktop/Emertxe/MC-Assignments/AS-08/ssd.c estimated size: 80

/home/krubro/Desktop/Emertxe/MC-Assignments/AS-08/main.c
		_main          		CODE           	0026	0000	170
		_initConfig    		CODE           	0230	0000	11

/home/krubro/Desktop/Emertxe/MC-Assignments/AS-08/main.c estimated size: 181

/opt/microchip/xc8/v3.10/pic/sources/c99/common/awmod.c
		___awmod       		CODE           	0133	0000	87

/opt/microchip/xc8/v3.10/pic/sources/c99/common/awmod.c estimated size: 87

/home/krubro/Desktop/Emertxe/MC-Assignments/AS-08/isr.c
		_isr           		CODE           	01C9	0000	44

/home/krubro/Desktop/Emertxe/MC-Assignments/AS-08/isr.c estimated size: 44

shared
		__initialization		CODE           	000F	0000	19

shared estimated size: 19

/opt/microchip/xc8/v3.10/pic/sources/c99/common/awdiv.c
		___awdiv       		CODE           	00D0	0000	99

/opt/microchip/xc8/v3.10/pic/sources/c99/common/awdiv.c estimated size: 99

/home/krubro/Desktop/Emertxe/MC-Assignments/AS-08/timer0.c
		_initTimer0    		CODE           	0219	0000	12

/home/krubro/Desktop/Emertxe/MC-Assignments/AS-08/timer0.c estimated size: 12

