Microchip MPLAB XC8 Compiler V3.10

Linker command line:

-W-3 --edf=/opt/microchip/xc8/v3.10/pic/dat/20250813170317_en.msgs -cn \
  -h+/home/krubro/Desktop/Emertxe/MC-Assignments/AS-02/out/AS-02/production/default-production.sym \
  --cmf=/home/krubro/Desktop/Emertxe/MC-Assignments/AS-02/out/AS-02/production/default-production.cmf \
  -z -Q16F877A -o/tmp/xcXPLkHeE/driver_tmp_3.o --defsym=__MPLAB_BUILD=1 \
  --fixupoverflow=error -Mmem.map --md=/tmp/xcXPLkHeE/driver_tmp_0.dat -E1 \
  -ver=XC8 Compiler -ACODE=00h-07FFhx4 -ASTRCODE=00h-01FFFh \
  -ASTRING=00h-0FFhx32 -ACONST=00h-0FFhx32 -AENTRY=00h-0FFhx32 \
  -ACOMMON=070h-07Fh -ABANK0=020h-06Fh -ABANK1=0A0h-0EFh \
  -ABANK2=0110h-016Fh -ABANK3=0190h-01EFh \
  -ARAM=020h-06Fh,0A0h-0EFh,0110h-016Fh,0190h-01EFh \
  -AABS1=020h-07Fh,0A0h-0EFh,0110h-016Fh,0190h-01EFh -ASFR0=00h-01Fh \
  -ASFR1=080h-09Fh -ASFR2=0100h-010Fh -ASFR3=0180h-018Fh \
  -ACONFIG=02007h-02007h -DCONFIG=2 -AIDLOC=02000h-02003h -DIDLOC=2 \
  -AEEDATA=00h-0FFh/02100h -peeprom_data=EEDATA -DEEDATA=2 -DCODE=2 \
  -DSTRCODE=2 -DSTRING=2 -DCONST=2 -DENTRY=2 \
  -preset_vec=00h,intentry,sivt,init,end_init -ppowerup=CODE -pcinit=CODE \
  -pfunctab=ENTRY -k /tmp/xcXPLkHeE/driver_tmp_10.o \
  /home/krubro/Desktop/Emertxe/MC-Assignments/AS-02/out/AS-02/production/default-production.o 

Object code version is 3.11

Machine type is 16F877A



                Name                               Link     Load   Length Selector   Space Scale
/tmp/xcXPLkHeE/driver_tmp_10.o
                end_init                              0        0        3        0       0
                config                             2007     2007        1        0       4
/home/krubro/Desktop/Emertxe/MC-Assignments/AS-02/out/AS-02/production/default-production.o
                cinit                               7F0      7F0       10      FE0       0
                config                             2007     2007        1        0       4
                text6                               678      678        C      CF0       0
                text5                               71B      71B       59      E36       0
                text4                               6AC      6AC       2C      D58       0
                text3                               684      684       14      D08       0
                text2                               698      698       14      D30       0
                text1                               6D8      6D8       43      DB0       0
                maintext                            774      774       7C      EE8       0
                cstackCOMMON                         70       70        7       70       1
                dataCOMMON                           7D       7D        1       70       1
                bssCOMMON                            77       77        6       70       1
                idataCOMMON                         677      677        1      CEE       0

TOTAL           Name                               Link     Load   Length     Space
        CLASS   CODE           
                end_init                              0        0        3         0
                cinit                               7F0      7F0       10         0
                text6                               678      678        C         0
                text5                               71B      71B       59         0
                text4                               6AC      6AC       2C         0
                text3                               684      684       14         0
                text2                               698      698       14         0
                text1                               6D8      6D8       43         0
                maintext                            774      774       7C         0
                idataCOMMON                         677      677        1         0

        CLASS   STRCODE        

        CLASS   STRING         

        CLASS   CONST          

        CLASS   ENTRY          

        CLASS   COMMON         
                cstackCOMMON                         70       70        7         1
                dataCOMMON                           7D       7D        1         1
                bssCOMMON                            77       77        6         1

        CLASS   BANK0          

        CLASS   BANK1          

        CLASS   BANK2          

        CLASS   BANK3          

        CLASS   RAM            

        CLASS   ABS1           
                abs_s1                               7E       7E        2         1

        CLASS   SFR0           

        CLASS   SFR1           

        CLASS   SFR2           

        CLASS   SFR3           

        CLASS   CONFIG         
                config                             2007     2007        1         4

        CLASS   IDLOC          

        CLASS   EEDATA         

        CLASS   HEAP           

        CLASS   STACK          



SEGMENTS        Name                           Load    Length   Top    Selector   Space  Class     Delta

                text4                          0006AC  00002C  0006D8       D58       0  CODE        2
                text3                          000684  000014  000698       D08       0  CODE        2
                text2                          000698  000014  0006AC       D30       0  CODE        2
                text1                          0006D8  000043  00071B       DB0       0  CODE        2
                reset_vec                      000000  000003  000003         0       0  CODE        2
                text5                          00071B  000059  000774       E36       0  CODE        2
                text6                          000678  00000C  000684       CF0       0  CODE        2
                idataCOMMON                    000677  000001  000678       CEE       0  CODE        2
                maintext                       000774  00007C  0007F0       EE8       0  CODE        2
                cstackCOMMON                   000070  00000E  00007E        70       1  COMMON      1
                cinit                          0007F0  000010  000800       FE0       0  CODE        2


UNUSED ADDRESS RANGES

        Name                Unused          Largest block    Delta
        BANK0            0020-006F             50           1
        BANK1            00A0-00EF             50           1
        BANK2            0110-016F             60           1
        BANK3            0190-01EF             60           1
        CODE             0003-0676            674           2
                         0800-1FFF            800
        CONST            0003-0676            100           2
                         0800-1FFF            100
        EEDATA           2100-21FF            100           2
        ENTRY            0003-0676            100           2
                         0800-1FFF            100
        IDLOC            2000-2003              4           2
        RAM              0020-006F             50           1
                         00A0-00EF             50
                         0110-016F             60
                         0190-01EF             60
        SFR0             0000-001F             20           1
        SFR1             0080-009F             20           1
        SFR2             0100-010F             10           1
        SFR3             0180-018F             10           1
        STRCODE          0003-0676            674           2
                         0800-1FFF           1800
        STRING           0003-0676            100           2
                         0800-1FFF            100

                                  Symbol Table

_PORTB                             (abs)        0006
_PORTD                             (abs)        0008
_TRISB                             (abs)        0086
_TRISD                             (abs)        0088
__H__absolute__                    __absolute__ 0000
__Habs1                            abs1         0000
__Hbank0                           bank0        0000
__Hbank1                           bank1        0000
__Hbank2                           bank2        0000
__Hbank3                           bank3        0000
__HbssCOMMON                       bssCOMMON    0000
__Hcinit                           cinit        0800
__Hclrtext                         clrtext      0000
__Hcode                            code         0000
__Hcommon                          common       0000
__Hconfig                          config       2008
__HcstackCOMMON                    cstackCOMMON 0000
__HdataCOMMON                      dataCOMMON   0000
__Heeprom_data                     eeprom_data  0000
__Hend_init                        end_init     0003
__Hfunctab                         functab      0000
__Hheap                            heap         0000
__HidataCOMMON                     idataCOMMON  0000
__Hinit                            init         0000
__Hintentry                        intentry     0000
__Hmaintext                        maintext     0000
__Hpowerup                         powerup      0000
__Hram                             ram          0000
__Hreset_vec                       reset_vec    0000
__Hsfr0                            sfr0         0000
__Hsfr1                            sfr1         0000
__Hsfr2                            sfr2         0000
__Hsfr3                            sfr3         0000
__Hsivt                            sivt         0000
__Hspace_0                         (abs)        0800
__Hspace_1                         (abs)        007E
__Hspace_2                         (abs)        0000
__Hspace_3                         (abs)        0000
__Hspace_4                         (abs)        400F
__Hstack                           stack        0000
__Hstrings                         strings      0000
__Htext                            text         0000
__L__absolute__                    __absolute__ 0000
__Labs1                            abs1         0000
__Lbank0                           bank0        0000
__Lbank1                           bank1        0000
__Lbank2                           bank2        0000
__Lbank3                           bank3        0000
__LbssCOMMON                       bssCOMMON    0000
__Lcinit                           cinit        07F0
__Lclrtext                         clrtext      0000
__Lcode                            code         0000
__Lcommon                          common       0000
__Lconfig                          config       0000
__LcstackCOMMON                    cstackCOMMON 0000
__LdataCOMMON                      dataCOMMON   0000
__Leeprom_data                     eeprom_data  0000
__Lend_init                        end_init     0000
__Lfunctab                         functab      0000
__Lheap                            heap         0000
__LidataCOMMON                     idataCOMMON  0000
__Linit                            init         0000
__Lintentry                        intentry     0000
__Lmaintext                        maintext     0000
__Lpowerup                         powerup      0000
__Lram                             ram          0000
__Lreset_vec                       reset_vec    0000
__Lsfr0                            sfr0         0000
__Lsfr1                            sfr1         0000
__Lsfr2                            sfr2         0000
__Lsfr3                            sfr3         0000
__Lsivt                            sivt         0000
__Lspace_0                         (abs)        0000
__Lspace_1                         (abs)        0000
__Lspace_2                         (abs)        0000
__Lspace_3                         (abs)        0000
__Lspace_4                         (abs)        0000
__Lstack                           stack        0000
__Lstrings                         strings      0000
__Ltext                            text         0000
__S0                               (abs)        0800
__S1                               (abs)        007E
__S3                               (abs)        0000
___heap_hi                         (abs)        0000
___heap_lo                         (abs)        0000
___int_sp                          stack        0000
___int_stack_hi                    stack        0000
___int_stack_lo                    stack        0000
___latbits                         (abs)        0002
___sp                              stack        0000
___stack_hi                        stack        0000
___stack_lo                        stack        0000
___stackhi                         (abs)        0000
___stacklo                         (abs)        0000
__end_of__initialization           cinit        07FC
__end_of_initConfig                text6        0684
__end_of_main                      maintext     07F0
__end_of_pattern1                  text5        0774
__end_of_pattern2                  text4        06D8
__end_of_pattern3                  text3        0698
__end_of_pattern4                  text2        06AC
__end_of_read_digital_keypad       text1        071B
__initialization                   cinit        07F0
__pbssCOMMON                       bssCOMMON    0077
__pcstackCOMMON                    cstackCOMMON 0070
__pdataCOMMON                      dataCOMMON   007D
__pidataCOMMON                     idataCOMMON  0677
__pmaintext                        maintext     0774
__ptext1                           text1        06D8
__ptext2                           text2        0698
__ptext3                           text3        0684
__ptext4                           text4        06AC
__ptext5                           text5        071B
__ptext6                           text6        0678
_initConfig                        text6        0678
_main                              maintext     0774
_pattern1                          text5        071B
_pattern2                          text4        06AC
_pattern3                          text3        0684
_pattern3$69                       cstackCOMMON 0070
_pattern4                          text2        0698
_pattern4$72                       cstackCOMMON 0070
_read_digital_keypad               text1        06D8
btemp                              (abs)        007E
btemp0                             (abs)        007E
btemp1                             (abs)        007F
end_of_initialization              cinit        07FC
intlevel0                          functab      0000
intlevel1                          functab      0000
intlevel2                          functab      0000
intlevel3                          functab      0000
intlevel4                          functab      0000
intlevel5                          functab      0000
ltemp0a                            (abs)        0080
main@current_pattern               cstackCOMMON 0075
main@delay                         cstackCOMMON 0073
main@key                           cstackCOMMON 0076
pattern1@phase                     bssCOMMON    007C
pattern1@step                      bssCOMMON    007B
pattern2@phase                     bssCOMMON    007A
pattern2@step                      bssCOMMON    0079
read_digital_keypad@isOn           dataCOMMON   007D
read_digital_keypad@trigger_method cstackCOMMON 0072
reset_vec                          reset_vec    0000
start                              init         0000
start_initialization               cinit        07F0
ttemp0a                            (abs)        007F
wtemp0                             (abs)        007E
wtemp0a                            (abs)        007F


MODULE INFORMATION

Module		Function		Class		Link	Load	Size
/home/krubro/Desktop/Emertxe/MC-Assignments/AS-02/read_digital_keypad.c
		_read_digital_keypad		CODE           	06D8	0000	67

/home/krubro/Desktop/Emertxe/MC-Assignments/AS-02/read_digital_keypad.c estimated size: 67

/home/krubro/Desktop/Emertxe/MC-Assignments/AS-02/pattern4.c
		_pattern4      		CODE           	0698	0000	20

/home/krubro/Desktop/Emertxe/MC-Assignments/AS-02/pattern4.c estimated size: 20

/home/krubro/Desktop/Emertxe/MC-Assignments/AS-02/pattern2.c
		_pattern2      		CODE           	06AC	0000	44

/home/krubro/Desktop/Emertxe/MC-Assignments/AS-02/pattern2.c estimated size: 44

/home/krubro/Desktop/Emertxe/MC-Assignments/AS-02/main.c
		_main          		CODE           	0774	0000	124

/home/krubro/Desktop/Emertxe/MC-Assignments/AS-02/main.c estimated size: 124

shared
		__initialization		CODE           	07F0	0000	12

shared estimated size: 12

/home/krubro/Desktop/Emertxe/MC-Assignments/AS-02/initconfig.c
		_initConfig    		CODE           	0678	0000	12

/home/krubro/Desktop/Emertxe/MC-Assignments/AS-02/initconfig.c estimated size: 12

/home/krubro/Desktop/Emertxe/MC-Assignments/AS-02/pattern3.c
		_pattern3      		CODE           	0684	0000	20

/home/krubro/Desktop/Emertxe/MC-Assignments/AS-02/pattern3.c estimated size: 20

/home/krubro/Desktop/Emertxe/MC-Assignments/AS-02/pattern1.c
		_pattern1      		CODE           	071B	0000	89

/home/krubro/Desktop/Emertxe/MC-Assignments/AS-02/pattern1.c estimated size: 89

