Microchip MPLAB XC8 Compiler V3.10

Linker command line:

-W-3 --edf=/opt/microchip/xc8/v3.10/pic/dat/20250813170317_en.msgs -cn \
  -h+/home/krubro/Desktop/Emertxe/MC-Assignments/AS-05/out/AS-05/production/default-production.sym \
  --cmf=/home/krubro/Desktop/Emertxe/MC-Assignments/AS-05/out/AS-05/production/default-production.cmf \
  -z -Q16F877A -o/tmp/xcXMbiMiA/driver_tmp_3.o --defsym=__MPLAB_BUILD=1 \
  --fixupoverflow=error -Mmem.map --md=/tmp/xcXMbiMiA/driver_tmp_0.dat -E1 \
  -ver=XC8 Compiler -ACODE=00h-07FFhx4 -ASTRCODE=00h-01FFFh \
  -ASTRING=00h-0FFhx32 -ACONST=00h-0FFhx32 -AENTRY=00h-0FFhx32 \
  -ACOMMON=070h-07Fh -ABANK0=020h-06Fh -ABANK1=0A0h-0EFh \
  -ABANK2=0110h-016Fh -ABANK3=0190h-01EFh \
  -ARAM=020h-06Fh,0A0h-0EFh,0110h-016Fh,0190h-01EFh \
  -AABS1=020h-07Fh,0A0h-0EFh,0110h-016Fh,0190h-01EFh -ASFR0=00h-01Fh \
  -ASFR1=080h-09Fh -ASFR2=0100h-010Fh -ASFR3=0180h-018Fh \
  -ACONFIG=02007h-02007h -DCONFIG=2 -AIDLOC=02000h-02003h -DIDLOC=2 \
  -AEEDATA=00h-0FFh/02100h -peeprom_data=EEDATA -DEEDATA=2 -DCODE=2 \
  -DSTRCODE=2 -DSTRING=2 -DCONST=2 -DENTRY=2 \
  -preset_vec=00h,intentry,sivt,init,end_init -ppowerup=CODE -pcinit=CODE \
  -pfunctab=ENTRY -k /tmp/xcXMbiMiA/driver_tmp_12.o \
  /home/krubro/Desktop/Emertxe/MC-Assignments/AS-05/out/AS-05/production/default-production.o 

Object code version is 3.11

Machine type is 16F877A



                Name                               Link     Load   Length Selector   Space Scale
/tmp/xcXMbiMiA/driver_tmp_12.o
                end_init                              0        0        3        0       0
                config                             2007     2007        1        0       4
/home/krubro/Desktop/Emertxe/MC-Assignments/AS-05/out/AS-05/production/default-production.o
                cinit                               7ED      7ED       13      FDA       0
                config                             2007     2007        1        0       4
                text8                               684      684       63      D08       0
                text7                               62D      62D       57      C5A       0
                text6                               5B7      5B7       3A      B6E       0
                text5                               577      577       15      AEE       0
                text4                               58C      58C       2B      B18       0
                text3                               555      555        F      AAA       0
                text2                               53F      53F        A      A7E       0
                text1                               5F1      5F1       3C      BE2       0
                maintext                            6E7      6E7      106      DCE       0
                cstackBANK0                          20       20       16       20       1
                cstackCOMMON                         70       70        E       70       1
                inittext                            564      564       13      AC8       0
                dataBANK0                            36       36        C       20       1
                bssBANK0                             43       43        1       20       1
                nvBANK0                              42       42        1       20       1
                idataBANK0                          549      549        C      A92       0

TOTAL           Name                               Link     Load   Length     Space
        CLASS   CODE           
                end_init                              0        0        3         0
                cinit                               7ED      7ED       13         0
                text8                               684      684       63         0
                text7                               62D      62D       57         0
                text6                               5B7      5B7       3A         0
                text5                               577      577       15         0
                text4                               58C      58C       2B         0
                text3                               555      555        F         0
                text2                               53F      53F        A         0
                text1                               5F1      5F1       3C         0
                maintext                            6E7      6E7      106         0
                inittext                            564      564       13         0
                idataBANK0                          549      549        C         0

        CLASS   STRCODE        

        CLASS   STRING         

        CLASS   CONST          

        CLASS   ENTRY          

        CLASS   COMMON         
                cstackCOMMON                         70       70        E         1

        CLASS   BANK0          
                cstackBANK0                          20       20       16         1
                dataBANK0                            36       36        C         1
                bssBANK0                             43       43        1         1
                nvBANK0                              42       42        1         1

        CLASS   BANK1          

        CLASS   BANK2          

        CLASS   BANK3          

        CLASS   RAM            

        CLASS   ABS1           
                abs_s1                               7E       7E        2         1

        CLASS   SFR0           

        CLASS   SFR1           

        CLASS   SFR2           

        CLASS   SFR3           

        CLASS   CONFIG         
                config                             2007     2007        1         4

        CLASS   IDLOC          

        CLASS   EEDATA         

        CLASS   HEAP           

        CLASS   STACK          



SEGMENTS        Name                           Load    Length   Top    Selector   Space  Class     Delta

                text5                          000577  000015  00058C       AEE       0  CODE        2
                text6                          0005B7  00003A  0005F1       B6E       0  CODE        2
                text4                          00058C  00002B  0005B7       B18       0  CODE        2
                reset_vec                      000000  000003  000003         0       0  CODE        2
                inittext                       000564  000013  000577       AC8       0  CODE        2
                text1                          0005F1  00003C  00062D       BE2       0  CODE        2
                text7                          00062D  000057  000684       C5A       0  CODE        2
                idataBANK0                     000549  00000C  000555       A92       0  CODE        2
                text2                          00053F  00000A  000549       A7E       0  CODE        2
                text3                          000555  00000F  000564       AAA       0  CODE        2
                cstackBANK0                    000020  000024  000044        20       1  BANK0       1
                cinit                          0007ED  000013  000800       FDA       0  CODE        2
                cstackCOMMON                   000070  00000E  00007E        70       1  COMMON      1
                text8                          000684  000063  0006E7       D08       0  CODE        2
                maintext                       0006E7  000106  0007ED       DCE       0  CODE        2


UNUSED ADDRESS RANGES

        Name                Unused          Largest block    Delta
        BANK0            0044-006F             2C           1
        BANK1            00A0-00EF             50           1
        BANK2            0110-016F             60           1
        BANK3            0190-01EF             60           1
        CODE             0003-053E            53C           2
                         0800-1FFF            800
        CONST            0003-053E            100           2
                         0800-1FFF            100
        EEDATA           2100-21FF            100           2
        ENTRY            0003-053E            100           2
                         0800-1FFF            100
        IDLOC            2000-2003              4           2
        RAM              0044-006F             2C           1
                         00A0-00EF             50
                         0110-016F             60
                         0190-01EF             60
        SFR0             0000-001F             20           1
        SFR1             0080-009F             20           1
        SFR2             0100-010F             10           1
        SFR3             0180-018F             10           1
        STRCODE          0003-053E            53C           2
                         0800-1FFF           1800
        STRING           0003-053E            100           2
                         0800-1FFF            100

                                  Symbol Table

?___awdiv                          cstackCOMMON 0070
?___awmod                          cstackCOMMON 0078
_EEADR                             (abs)        010D
_EECON1                            (abs)        018C
_EECON1bits                        (abs)        018C
_EECON2                            (abs)        018D
_EEDATA                            (abs)        010C
_INTCONbits                        (abs)        000B
_PORTA                             (abs)        0005
_PORTB                             (abs)        0006
_PORTD                             (abs)        0008
_STATUSbits                        (abs)        0003
_TRISA                             (abs)        0085
_TRISB                             (abs)        0086
_TRISD                             (abs)        0088
__H__absolute__                    __absolute__ 0000
__Habs1                            abs1         0000
__Hbank0                           bank0        0000
__Hbank1                           bank1        0000
__Hbank2                           bank2        0000
__Hbank3                           bank3        0000
__HbssBANK0                        bssBANK0     0000
__Hcinit                           cinit        0800
__Hclrtext                         clrtext      0000
__Hcode                            code         0000
__Hcommon                          common       0000
__Hconfig                          config       2008
__HcstackBANK0                     cstackBANK0  0000
__HcstackCOMMON                    cstackCOMMON 0000
__HdataBANK0                       dataBANK0    0000
__Heeprom_data                     eeprom_data  0000
__Hend_init                        end_init     0003
__Hfunctab                         functab      0000
__Hheap                            heap         0000
__HidataBANK0                      idataBANK0   0000
__Hinit                            init         0000
__Hinittext                        inittext     0000
__Hintentry                        intentry     0000
__Hmaintext                        maintext     0000
__HnvBANK0                         nvBANK0      0000
__Hpowerup                         powerup      0000
__Hram                             ram          0000
__Hreset_vec                       reset_vec    0000
__Hsfr0                            sfr0         0000
__Hsfr1                            sfr1         0000
__Hsfr2                            sfr2         0000
__Hsfr3                            sfr3         0000
__Hsivt                            sivt         0000
__Hspace_0                         (abs)        0800
__Hspace_1                         (abs)        007E
__Hspace_2                         (abs)        0000
__Hspace_3                         (abs)        0000
__Hspace_4                         (abs)        400F
__Hstack                           stack        0000
__Hstrings                         strings      0000
__Htext                            text         0000
__L__absolute__                    __absolute__ 0000
__Labs1                            abs1         0000
__Lbank0                           bank0        0000
__Lbank1                           bank1        0000
__Lbank2                           bank2        0000
__Lbank3                           bank3        0000
__LbssBANK0                        bssBANK0     0000
__Lcinit                           cinit        07ED
__Lclrtext                         clrtext      0000
__Lcode                            code         0000
__Lcommon                          common       0000
__Lconfig                          config       0000
__LcstackBANK0                     cstackBANK0  0000
__LcstackCOMMON                    cstackCOMMON 0000
__LdataBANK0                       dataBANK0    0000
__Leeprom_data                     eeprom_data  0000
__Lend_init                        end_init     0000
__Lfunctab                         functab      0000
__Lheap                            heap         0000
__LidataBANK0                      idataBANK0   0000
__Linit                            init         0000
__Linittext                        inittext     0000
__Lintentry                        intentry     0000
__Lmaintext                        maintext     0000
__LnvBANK0                         nvBANK0      0000
__Lpowerup                         powerup      0000
__Lram                             ram          0000
__Lreset_vec                       reset_vec    0000
__Lsfr0                            sfr0         0000
__Lsfr1                            sfr1         0000
__Lsfr2                            sfr2         0000
__Lsfr3                            sfr3         0000
__Lsivt                            sivt         0000
__Lspace_0                         (abs)        0000
__Lspace_1                         (abs)        0000
__Lspace_2                         (abs)        0000
__Lspace_3                         (abs)        0000
__Lspace_4                         (abs)        0000
__Lstack                           stack        0000
__Lstrings                         strings      0000
__Ltext                            text         0000
__S0                               (abs)        0800
__S1                               (abs)        007E
__S3                               (abs)        0000
___awdiv                           text8        0684
___awdiv@counter                   cstackCOMMON 0074
___awdiv@dividend                  cstackCOMMON 0072
___awdiv@divisor                   cstackCOMMON 0070
___awdiv@quotient                  cstackCOMMON 0076
___awdiv@sign                      cstackCOMMON 0075
___awmod                           text7        062D
___awmod@counter                   cstackCOMMON 007C
___awmod@dividend                  cstackCOMMON 007A
___awmod@divisor                   cstackCOMMON 0078
___awmod@sign                      cstackCOMMON 007D
___heap_hi                         (abs)        0000
___heap_lo                         (abs)        0000
___int_sp                          stack        0000
___int_stack_hi                    stack        0000
___int_stack_lo                    stack        0000
___latbits                         (abs)        0002
___sp                              stack        0000
___stack_hi                        stack        0000
___stack_lo                        stack        0000
___stackhi                         (abs)        0000
___stacklo                         (abs)        0000
__end_of___awdiv                   text8        06E7
__end_of___awmod                   text7        0684
__end_of__initialization           cinit        07FC
__end_of_display                   text6        05F1
__end_of_eeprom_read               text5        058C
__end_of_eeprom_write              text4        05B7
__end_of_initConfig                text2        0549
__end_of_main                      maintext     07ED
__end_of_read_digital_keypad       text1        062D
__end_of_ssdInit                   text3        0564
__initialization                   cinit        07ED
__pbssBANK0                        bssBANK0     0043
__pcstackBANK0                     cstackBANK0  0020
__pcstackCOMMON                    cstackCOMMON 0070
__pdataBANK0                       dataBANK0    0036
__pidataBANK0                      idataBANK0   0549
__pmaintext                        maintext     06E7
__pnvBANK0                         nvBANK0      0042
__ptext1                           text1        05F1
__ptext2                           text2        053F
__ptext3                           text3        0555
__ptext4                           text4        058C
__ptext5                           text5        0577
__ptext6                           text6        05B7
__ptext7                           text7        062D
__ptext8                           text8        0684
_display                           text6        05B7
_eeprom_read                       text5        0577
_eeprom_write                      text4        058C
_initConfig                        text2        053F
_main                              maintext     06E7
_read_digital_keypad               text1        05F1
_ssdInit                           text3        0555
btemp                              (abs)        007E
btemp0                             (abs)        007E
btemp1                             (abs)        007F
display@i                          cstackCOMMON 0074
display@j                          cstackCOMMON 0072
display@ssd                        cstackCOMMON 0070
eeprom_read@addr                   cstackCOMMON 0070
eeprom_write@addr                  cstackCOMMON 0071
eeprom_write@value                 cstackCOMMON 0070
end_of_initialization              cinit        07FC
init_fetch0                        inittext     0564
init_ram0                          inittext     0568
intlevel0                          functab      0000
intlevel1                          functab      0000
intlevel2                          functab      0000
intlevel3                          functab      0000
intlevel4                          functab      0000
intlevel5                          functab      0000
ltemp0a                            (abs)        0080
main@F1014                         dataBANK0    0036
main@count                         nvBANK0      0042
main@digits                        cstackBANK0  0024
main@isSW2Pressed                  cstackBANK0  0032
main@key                           cstackBANK0  0033
main@ssd                           cstackBANK0  002E
main@wait                          cstackBANK0  0034
read_digital_keypad@delay          bssBANK0     0043
read_digital_keypad@once           dataBANK0    0040
read_digital_keypad@trigger_method cstackCOMMON 0071
reset_vec                          reset_vec    0000
start                              init         0000
start_initialization               cinit        07ED
ttemp0a                            (abs)        007F
wtemp0                             (abs)        007E
wtemp0a                            (abs)        007F


MODULE INFORMATION

Module		Function		Class		Link	Load	Size
/home/krubro/Desktop/Emertxe/MC-Assignments/AS-05/read_digital_keypad.c
		_read_digital_keypad		CODE           	05F1	0000	60

/home/krubro/Desktop/Emertxe/MC-Assignments/AS-05/read_digital_keypad.c estimated size: 60

/opt/microchip/xc8/v3.10/pic/sources/c99/pic/__eeread.c
		_eeprom_read   		CODE           	0577	0000	21

/opt/microchip/xc8/v3.10/pic/sources/c99/pic/__eeread.c estimated size: 21

/opt/microchip/xc8/v3.10/pic/sources/c99/common/awmod.c
		___awmod       		CODE           	062D	0000	87

/opt/microchip/xc8/v3.10/pic/sources/c99/common/awmod.c estimated size: 87

/opt/microchip/xc8/v3.10/pic/sources/c99/pic/__eewrite.c
		_eeprom_write  		CODE           	058C	0000	43

/opt/microchip/xc8/v3.10/pic/sources/c99/pic/__eewrite.c estimated size: 43

shared
		__initialization		CODE           	07ED	0000	15

shared estimated size: 15

/opt/microchip/xc8/v3.10/pic/sources/c99/common/awdiv.c
		___awdiv       		CODE           	0684	0000	99

/opt/microchip/xc8/v3.10/pic/sources/c99/common/awdiv.c estimated size: 99

/home/krubro/Desktop/Emertxe/MC-Assignments/AS-05/main.c
		_main          		CODE           	06E7	0000	262
		_initConfig    		CODE           	053F	0000	10

/home/krubro/Desktop/Emertxe/MC-Assignments/AS-05/main.c estimated size: 272

/home/krubro/Desktop/Emertxe/MC-Assignments/AS-05/ssd.c
		_display       		CODE           	05B7	0000	58
		_ssdInit       		CODE           	0555	0000	15

/home/krubro/Desktop/Emertxe/MC-Assignments/AS-05/ssd.c estimated size: 73

