Microchip MPLAB XC8 Compiler V3.10

Linker command line:

-W-3 --edf=/opt/microchip/xc8/v3.10/pic/dat/20250813170317_en.msgs -cn \
  -h+/home/krubro/Desktop/Emertxe/MC-Assignments/AS-09/out/AS-09/production/default-production.sym \
  --cmf=/home/krubro/Desktop/Emertxe/MC-Assignments/AS-09/out/AS-09/production/default-production.cmf \
  -z -Q16F877A -o/tmp/xcXOCAmfd/driver_tmp_3.o --defsym=__MPLAB_BUILD=1 \
  --fixupoverflow=error -Mmem.map --md=/tmp/xcXOCAmfd/driver_tmp_0.dat -E1 \
  -ver=XC8 Compiler -ACODE=00h-07FFhx4 -ASTRCODE=00h-01FFFh \
  -ASTRING=00h-0FFhx32 -ACONST=00h-0FFhx32 -AENTRY=00h-0FFhx32 \
  -ACOMMON=070h-07Fh -ABANK0=020h-06Fh -ABANK1=0A0h-0EFh \
  -ABANK2=0110h-016Fh -ABANK3=0190h-01EFh \
  -ARAM=020h-06Fh,0A0h-0EFh,0110h-016Fh,0190h-01EFh \
  -AABS1=020h-07Fh,0A0h-0EFh,0110h-016Fh,0190h-01EFh -ASFR0=00h-01Fh \
  -ASFR1=080h-09Fh -ASFR2=0100h-010Fh -ASFR3=0180h-018Fh \
  -ACONFIG=02007h-02007h -DCONFIG=2 -AIDLOC=02000h-02003h -DIDLOC=2 \
  -AEEDATA=00h-0FFh/02100h -peeprom_data=EEDATA -DEEDATA=2 -DCODE=2 \
  -DSTRCODE=2 -DSTRING=2 -DCONST=2 -DENTRY=2 \
  -preset_vec=00h,intentry,sivt,init,end_init -ppowerup=CODE -pcinit=CODE \
  -pfunctab=ENTRY -k /tmp/xcXOCAmfd/driver_tmp_10.o \
  /home/krubro/Desktop/Emertxe/MC-Assignments/AS-09/out/AS-09/production/default-production.o 

Object code version is 3.11

Machine type is 16F877A



                Name                               Link     Load   Length Selector   Space Scale
/tmp/xcXOCAmfd/driver_tmp_10.o
                end_init                              0        0        3        0       0
                config                             2007     2007        1        0       4
/home/krubro/Desktop/Emertxe/MC-Assignments/AS-09/out/AS-09/production/default-production.o
                cinit                               7ED      7ED       13      FDA       0
                config                             2007     2007        1        0       4
                text6                               682      682       12      D04       0
                text5                               6CE      6CE       16      D9C       0
                text4                               720      720       61      E40       0
                text3                               6BA      6BA       14      D74       0
                text2                               6E4      6E4       16      DC8       0
                text1                               6FA      6FA       26      DF4       0
                maintext                            781      781       6C      F02       0
                cstackBANK0                          20       20       16       20       1
                cstackCOMMON                         70       70        B       70       1
                inittext                            694      694       13      D28       0
                dataBANK0                            36       36       13       20       1
                bssBANK0                             49       49        1       20       1
                strings                               3        3       20        6       0
                idataBANK0                          6A7      6A7       13      D4E       0

TOTAL           Name                               Link     Load   Length     Space
        CLASS   CODE           
                end_init                              0        0        3         0
                cinit                               7ED      7ED       13         0
                text6                               682      682       12         0
                text5                               6CE      6CE       16         0
                text4                               720      720       61         0
                text3                               6BA      6BA       14         0
                text2                               6E4      6E4       16         0
                text1                               6FA      6FA       26         0
                maintext                            781      781       6C         0
                inittext                            694      694       13         0
                idataBANK0                          6A7      6A7       13         0

        CLASS   STRCODE        

        CLASS   STRING         
                strings                               3        3       20         0

        CLASS   CONST          

        CLASS   ENTRY          

        CLASS   COMMON         
                cstackCOMMON                         70       70        B         1

        CLASS   BANK0          
                cstackBANK0                          20       20       16         1
                dataBANK0                            36       36       13         1
                bssBANK0                             49       49        1         1

        CLASS   BANK1          

        CLASS   BANK2          

        CLASS   BANK3          

        CLASS   RAM            

        CLASS   ABS1           
                abs_s1                               7E       7E        2         1

        CLASS   SFR0           

        CLASS   SFR1           

        CLASS   SFR2           

        CLASS   SFR3           

        CLASS   CONFIG         
                config                             2007     2007        1         4

        CLASS   IDLOC          

        CLASS   EEDATA         

        CLASS   HEAP           

        CLASS   STACK          



SEGMENTS        Name                           Load    Length   Top    Selector   Space  Class     Delta

                text5                          0006CE  000016  0006E4       D9C       0  CODE        2
                strings                        000003  000020  000023         6       0  STRING      2
                text2                          0006E4  000016  0006FA       DC8       0  CODE        2
                reset_vec                      000000  000003  000003         0       0  CODE        2
                text3                          0006BA  000014  0006CE       D74       0  CODE        2
                text1                          0006FA  000026  000720       DF4       0  CODE        2
                text4                          000720  000061  000781       E40       0  CODE        2
                inittext                       000694  000013  0006A7       D28       0  CODE        2
                text6                          000682  000012  000694       D04       0  CODE        2
                idataBANK0                     0006A7  000013  0006BA       D4E       0  CODE        2
                cstackBANK0                    000020  00002A  00004A        20       1  BANK0       1
                cinit                          0007ED  000013  000800       FDA       0  CODE        2
                cstackCOMMON                   000070  00000B  00007B        70       1  COMMON      1
                maintext                       000781  00006C  0007ED       F02       0  CODE        2


UNUSED ADDRESS RANGES

        Name                Unused          Largest block    Delta
        BANK0            004A-006F             26           1
        BANK1            00A0-00EF             50           1
        BANK2            0110-016F             60           1
        BANK3            0190-01EF             60           1
        CODE             0023-0681            65F           2
                         0800-1FFF            800
        COMMON           007B-007D              3           1
        CONST            0023-0681            100           2
                         0800-1FFF            100
        EEDATA           2100-21FF            100           2
        ENTRY            0023-0681            100           2
                         0800-1FFF            100
        IDLOC            2000-2003              4           2
        RAM              004A-006F             26           1
                         00A0-00EF             50
                         0110-016F             60
                         0190-01EF             60
        SFR0             0000-001F             20           1
        SFR1             0080-009F             20           1
        SFR2             0100-010F             10           1
        SFR3             0180-018F             10           1
        STRCODE          0023-0681            65F           2
                         0800-1FFF           1800
        STRING           0023-0681            100           2
                         0800-1FFF            100

                                  Symbol Table

LCD_Char@data            cstackCOMMON 0073
LCD_Command@cmd          cstackCOMMON 0073
LCD_SetCursor@address    cstackCOMMON 0076
LCD_SetCursor@col        cstackCOMMON 0074
LCD_SetCursor@row        cstackCOMMON 0075
LCD_String@str           cstackCOMMON 0074
_ADCON1                  (abs)        009F
_LCD_Char                text2        06E4
_LCD_Command             text5        06CE
_LCD_Init                text4        0720
_LCD_Pulse               text6        0682
_LCD_SetCursor           text3        06BA
_LCD_String              text1        06FA
_PORTD                   (abs)        0008
_RE0                     (abs)        0048
_RE1                     (abs)        0049
_RE2                     (abs)        004A
_TRISD                   (abs)        0088
_TRISE0                  (abs)        0448
_TRISE1                  (abs)        0449
_TRISE2                  (abs)        044A
__H__absolute__          __absolute__ 0000
__Habs1                  abs1         0000
__Hbank0                 bank0        0000
__Hbank1                 bank1        0000
__Hbank2                 bank2        0000
__Hbank3                 bank3        0000
__HbssBANK0              bssBANK0     0000
__Hcinit                 cinit        0800
__Hclrtext               clrtext      0000
__Hcode                  code         0000
__Hcommon                common       0000
__Hconfig                config       2008
__HcstackBANK0           cstackBANK0  0000
__HcstackCOMMON          cstackCOMMON 0000
__HdataBANK0             dataBANK0    0000
__Heeprom_data           eeprom_data  0000
__Hend_init              end_init     0003
__Hfunctab               functab      0000
__Hheap                  heap         0000
__HidataBANK0            idataBANK0   0000
__Hinit                  init         0000
__Hinittext              inittext     0000
__Hintentry              intentry     0000
__Hmaintext              maintext     0000
__Hpowerup               powerup      0000
__Hram                   ram          0000
__Hreset_vec             reset_vec    0000
__Hsfr0                  sfr0         0000
__Hsfr1                  sfr1         0000
__Hsfr2                  sfr2         0000
__Hsfr3                  sfr3         0000
__Hsivt                  sivt         0000
__Hspace_0               (abs)        0800
__Hspace_1               (abs)        007B
__Hspace_2               (abs)        0000
__Hspace_3               (abs)        0000
__Hspace_4               (abs)        400F
__Hstack                 stack        0000
__Hstrings               strings      0000
__Htext                  text         0000
__L__absolute__          __absolute__ 0000
__Labs1                  abs1         0000
__Lbank0                 bank0        0000
__Lbank1                 bank1        0000
__Lbank2                 bank2        0000
__Lbank3                 bank3        0000
__LbssBANK0              bssBANK0     0000
__Lcinit                 cinit        07ED
__Lclrtext               clrtext      0000
__Lcode                  code         0000
__Lcommon                common       0000
__Lconfig                config       0000
__LcstackBANK0           cstackBANK0  0000
__LcstackCOMMON          cstackCOMMON 0000
__LdataBANK0             dataBANK0    0000
__Leeprom_data           eeprom_data  0000
__Lend_init              end_init     0000
__Lfunctab               functab      0000
__Lheap                  heap         0000
__LidataBANK0            idataBANK0   0000
__Linit                  init         0000
__Linittext              inittext     0000
__Lintentry              intentry     0000
__Lmaintext              maintext     0000
__Lpowerup               powerup      0000
__Lram                   ram          0000
__Lreset_vec             reset_vec    0000
__Lsfr0                  sfr0         0000
__Lsfr1                  sfr1         0000
__Lsfr2                  sfr2         0000
__Lsfr3                  sfr3         0000
__Lsivt                  sivt         0000
__Lspace_0               (abs)        0000
__Lspace_1               (abs)        0000
__Lspace_2               (abs)        0000
__Lspace_3               (abs)        0000
__Lspace_4               (abs)        0000
__Lstack                 stack        0000
__Lstrings               strings      0000
__Ltext                  text         0000
__S0                     (abs)        0800
__S1                     (abs)        007B
__S3                     (abs)        0000
___heap_hi               (abs)        0000
___heap_lo               (abs)        0000
___int_sp                stack        0000
___int_stack_hi          stack        0000
___int_stack_lo          stack        0000
___latbits               (abs)        0002
___sp                    stack        0000
___stack_hi              stack        0000
___stack_lo              stack        0000
___stackhi               (abs)        0000
___stacklo               (abs)        0000
__end_of_LCD_Char        text2        06FA
__end_of_LCD_Command     text5        06E4
__end_of_LCD_Init        text4        0781
__end_of_LCD_Pulse       text6        0694
__end_of_LCD_SetCursor   text3        06CE
__end_of_LCD_String      text1        0720
__end_of__initialization cinit        07FC
__end_of__stringtab      strings      0013
__end_of_main            maintext     07ED
__initialization         cinit        07ED
__pbssBANK0              bssBANK0     0049
__pcstackBANK0           cstackBANK0  0020
__pcstackCOMMON          cstackCOMMON 0070
__pdataBANK0             dataBANK0    0036
__pidataBANK0            idataBANK0   06A7
__pmaintext              maintext     0781
__pstrings               strings      0003
__ptext1                 text1        06FA
__ptext2                 text2        06E4
__ptext3                 text3        06BA
__ptext4                 text4        0720
__ptext5                 text5        06CE
__ptext6                 text6        0682
__stringbase             strings      0012
__stringtab              strings      0003
_main                    maintext     0781
btemp                    (abs)        007E
btemp0                   (abs)        007E
btemp1                   (abs)        007F
end_of_initialization    cinit        07FC
init_fetch0              inittext     0694
init_ram0                inittext     0698
intlevel0                functab      0000
intlevel1                functab      0000
intlevel2                functab      0000
intlevel3                functab      0000
intlevel4                functab      0000
intlevel5                functab      0000
ltemp0a                  (abs)        0080
main@F1018               dataBANK0    0036
main@delay               bssBANK0     0049
main@i                   cstackBANK0  0034
main@str                 cstackBANK0  0020
main@temp                cstackBANK0  0033
reset_vec                reset_vec    0000
start                    init         0000
start_initialization     cinit        07ED
ttemp0a                  (abs)        007F
wtemp0                   (abs)        007E
wtemp0a                  (abs)        007F


MODULE INFORMATION

Module		Function		Class		Link	Load	Size
/home/krubro/Desktop/Emertxe/MC-Assignments/AS-09/clcd.c
		_LCD_String    		CODE           	06FA	0000	38
		_LCD_Init      		CODE           	0720	0000	97
		_LCD_Command   		CODE           	06CE	0000	22
		_LCD_SetCursor 		CODE           	06BA	0000	20
		_LCD_Char      		CODE           	06E4	0000	22
		_LCD_Pulse     		CODE           	0682	0000	18

/home/krubro/Desktop/Emertxe/MC-Assignments/AS-09/clcd.c estimated size: 217

shared
		__stringtab    		STRING         	0003	0000	16
		__initialization		CODE           	07ED	0000	15

shared estimated size: 31

/home/krubro/Desktop/Emertxe/MC-Assignments/AS-09/main.c
		_main          		CODE           	0781	0000	108

/home/krubro/Desktop/Emertxe/MC-Assignments/AS-09/main.c estimated size: 108

