Microchip MPLAB XC8 Compiler V3.10

Linker command line:

-W-3 \
  --edf=/home/krubro/.mchp_packs/Microchip/PIC16Fxxx_DFP/1.8.167/xc8/pic/dat/20260422061002_en.msgs \
  -cn \
  -h+/home/krubro/Desktop/Emertxe/MC-Assignments/AS-15/out/AS-15/production/default-production.sym \
  --cmf=/home/krubro/Desktop/Emertxe/MC-Assignments/AS-15/out/AS-15/production/default-production.cmf \
  -z -Q16F877A -o/tmp/xcXaBKCNO/driver_tmp_3.o --defsym=__MPLAB_BUILD=1 \
  --fixupoverflow=error -Mmem.map --md=/tmp/xcXaBKCNO/driver_tmp_0.dat -E1 \
  -ver=XC8 Compiler -ACODE=00h-07FFhx4 -ASTRCODE=00h-01FFFh \
  -ASTRING=00h-0FFhx32 -ACONST=00h-0FFhx32 -AENTRY=00h-0FFhx32 \
  -ACOMMON=070h-07Fh -ABANK0=020h-06Fh -ABANK1=0A0h-0EFh \
  -ABANK2=0110h-016Fh -ABANK3=0190h-01EFh \
  -ARAM=020h-06Fh,0A0h-0EFh,0110h-016Fh,0190h-01EFh \
  -AABS1=020h-07Fh,0A0h-0EFh,0110h-016Fh,0190h-01EFh -ASFR0=00h-01Fh \
  -ASFR1=080h-09Fh -ASFR2=0100h-010Fh -ASFR3=0180h-018Fh \
  -ACONFIG=02007h-02007h -DCONFIG=2 -AIDLOC=02000h-02003h -DIDLOC=2 \
  -AEEDATA=00h-0FFh/02100h -peeprom_data=EEDATA -DEEDATA=2 -DCODE=2 \
  -DSTRCODE=2 -DSTRING=2 -DCONST=2 -DENTRY=2 \
  -preset_vec=00h,intentry=04h,sivt,init,end_init -ppowerup=CODE \
  -pcinit=CODE -pfunctab=ENTRY -k /tmp/xcXaBKCNO/driver_tmp_10.o \
  /home/krubro/Desktop/Emertxe/MC-Assignments/AS-15/out/AS-15/production/default-production.o 

Object code version is 3.11

Machine type is 16F877A



                Name                               Link     Load   Length Selector   Space Scale
/tmp/xcXaBKCNO/driver_tmp_10.o
                end_init                              C        C        3        8       0
                reset_vec                             0        0        3        0       0
                config                             2007     2007        1        0       4
/home/krubro/Desktop/Emertxe/MC-Assignments/AS-15/out/AS-15/production/default-production.o
                cinit                                 F        F        B        8       0
                intentry                              4        4        8        8       0
                config                             2007     2007        1        0       4
                text8                               1F1      1F1       15      102       0
                text7                               210      210        9      102       0
                text6                                81       81       66      102       0
                text5                               186      186       38      102       0
                text4                               1DA      1DA       17      102       0
                text3                               206      206        A      102       0
                text2                               1BE      1BE       1C      102       0
                text1                               137      137       4F      102       0
                maintext                             E7       E7       50      102       0
                cstackBANK0                          20       20        F       20       1
                cstackCOMMON                         70       70        A       70       1
                dataCOMMON                           7B       7B        1       70       1
                bssCOMMON                            7A       7A        1       70       1
                strings                              1A       1A       67       34       0
                idataCOMMON                         219      219        1      102       0

TOTAL           Name                               Link     Load   Length     Space
        CLASS   CODE           
                end_init                              C        C        3         0
                cinit                                 F        F        B         0
                intentry                              4        4        8         0
                reset_vec                             0        0        3         0
                text8                               1F1      1F1       15         0
                text7                               210      210        9         0
                text6                                81       81       66         0
                text5                               186      186       38         0
                text4                               1DA      1DA       17         0
                text3                               206      206        A         0
                text2                               1BE      1BE       1C         0
                text1                               137      137       4F         0
                maintext                             E7       E7       50         0
                idataCOMMON                         219      219        1         0

        CLASS   STRCODE        

        CLASS   STRING         
                strings                              1A       1A       67         0

        CLASS   CONST          

        CLASS   ENTRY          

        CLASS   COMMON         
                cstackCOMMON                         70       70        A         1
                dataCOMMON                           7B       7B        1         1
                bssCOMMON                            7A       7A        1         1

        CLASS   BANK0          
                cstackBANK0                          20       20        F         1

        CLASS   BANK1          

        CLASS   BANK2          

        CLASS   BANK3          

        CLASS   RAM            

        CLASS   ABS1           
                abs_s1                               7E       7E        2         1

        CLASS   SFR0           

        CLASS   SFR1           

        CLASS   SFR2           

        CLASS   SFR3           

        CLASS   CONFIG         
                config                             2007     2007        1         4

        CLASS   IDLOC          

        CLASS   EEDATA         

        CLASS   HEAP           

        CLASS   STACK          



SEGMENTS        Name                           Load    Length   Top    Selector   Space  Class     Delta

                strings                        00001A  000067  000081        34       0  STRING      2
                cstackBANK0                    000020  00000F  00002F        20       1  BANK0       1
                reset_vec                      000000  000003  000003         0       0  CODE        2
                text6                          000081  000199  00021A       102       0  CODE        2
                cstackCOMMON                   000070  00000C  00007C        70       1  COMMON      1
                intentry                       000004  000016  00001A         8       0  CODE        2


UNUSED ADDRESS RANGES

        Name                Unused          Largest block    Delta
        BANK0            002F-006F             41           1
        BANK1            00A0-00EF             50           1
        BANK2            0110-016F             60           1
        BANK3            0190-01EF             60           1
        CODE             0003-0003              1           2
                         021A-1FFF            800
        COMMON           007C-007D              2           1
        CONST            0003-0003              1           2
                         021A-1FFF            100
        EEDATA           2100-21FF            100           2
        ENTRY            0003-0003              1           2
                         021A-1FFF            100
        IDLOC            2000-2003              4           2
        RAM              002F-006F             41           1
                         00A0-00EF             50
                         0110-016F             60
                         0190-01EF             60
        SFR0             0000-001F             20           1
        SFR1             0080-009F             20           1
        SFR2             0100-010F             10           1
        SFR3             0180-018F             10           1
        STRCODE          0003-0003              1           2
                         021A-1FFF           1DE6
        STRING           0003-0003              1           2
                         021A-1FFF            100

                                  Symbol Table

?___lldiv                          cstackCOMMON 0072
_BRGH                              (abs)        04C2
_CREN                              (abs)        00C4
_GIE                               (abs)        005F
_OERR                              (abs)        00C1
_PEIE                              (abs)        005E
_PORTB                             (abs)        0006
_RCIE                              (abs)        0465
_RCIF                              (abs)        0065
_RCREG                             (abs)        001A
_SPBRG                             (abs)        0099
_SPEN                              (abs)        00C7
_TRISB                             (abs)        0086
_TXEN                              (abs)        04C5
_TXIF                              (abs)        0064
_TXREG                             (abs)        0019
__H__absolute__                    __absolute__ 0000
__Habs1                            abs1         0000
__Hbank0                           bank0        0000
__Hbank1                           bank1        0000
__Hbank2                           bank2        0000
__Hbank3                           bank3        0000
__HbssCOMMON                       bssCOMMON    0000
__Hcinit                           cinit        001A
__Hclrtext                         clrtext      0000
__Hcode                            code         0000
__Hcommon                          common       0000
__Hconfig                          config       2008
__HcstackBANK0                     cstackBANK0  0000
__HcstackCOMMON                    cstackCOMMON 0000
__HdataCOMMON                      dataCOMMON   0000
__Heeprom_data                     eeprom_data  0000
__Hend_init                        end_init     000F
__Hfunctab                         functab      0000
__Hheap                            heap         0000
__HidataCOMMON                     idataCOMMON  0000
__Hinit                            init         000C
__Hintentry                        intentry     000C
__Hmaintext                        maintext     0000
__Hpowerup                         powerup      0000
__Hram                             ram          0000
__Hreset_vec                       reset_vec    0003
__Hsfr0                            sfr0         0000
__Hsfr1                            sfr1         0000
__Hsfr2                            sfr2         0000
__Hsfr3                            sfr3         0000
__Hsivt                            sivt         000C
__Hspace_0                         (abs)        021A
__Hspace_1                         (abs)        007C
__Hspace_2                         (abs)        0000
__Hspace_3                         (abs)        0000
__Hspace_4                         (abs)        400F
__Hstack                           stack        0000
__Hstrings                         strings      0000
__Htext                            text         0000
__L__absolute__                    __absolute__ 0000
__Labs1                            abs1         0000
__Lbank0                           bank0        0000
__Lbank1                           bank1        0000
__Lbank2                           bank2        0000
__Lbank3                           bank3        0000
__LbssCOMMON                       bssCOMMON    0000
__Lcinit                           cinit        000F
__Lclrtext                         clrtext      0000
__Lcode                            code         0000
__Lcommon                          common       0000
__Lconfig                          config       0000
__LcstackBANK0                     cstackBANK0  0000
__LcstackCOMMON                    cstackCOMMON 0000
__LdataCOMMON                      dataCOMMON   0000
__Leeprom_data                     eeprom_data  0000
__Lend_init                        end_init     000C
__Lfunctab                         functab      0000
__Lheap                            heap         0000
__LidataCOMMON                     idataCOMMON  0000
__Linit                            init         000C
__Lintentry                        intentry     0004
__Lmaintext                        maintext     0000
__Lpowerup                         powerup      0000
__Lram                             ram          0000
__Lreset_vec                       reset_vec    0000
__Lsfr0                            sfr0         0000
__Lsfr1                            sfr1         0000
__Lsfr2                            sfr2         0000
__Lsfr3                            sfr3         0000
__Lsivt                            sivt         000C
__Lspace_0                         (abs)        0000
__Lspace_1                         (abs)        0000
__Lspace_2                         (abs)        0000
__Lspace_3                         (abs)        0000
__Lspace_4                         (abs)        0000
__Lstack                           stack        0000
__Lstrings                         strings      0000
__Ltext                            text         0000
__S0                               (abs)        021A
__S1                               (abs)        007C
__S3                               (abs)        0000
___heap_hi                         (abs)        0000
___heap_lo                         (abs)        0000
___int_sp                          stack        0000
___int_stack_hi                    stack        0000
___int_stack_lo                    stack        0000
___latbits                         (abs)        0002
___lldiv                           text6        0081
___lldiv@counter                   cstackBANK0  0025
___lldiv@dividend                  cstackCOMMON 0076
___lldiv@divisor                   cstackCOMMON 0072
___lldiv@quotient                  cstackBANK0  0021
___sp                              stack        0000
___stack_hi                        stack        0000
___stack_lo                        stack        0000
___stackhi                         (abs)        0000
___stacklo                         (abs)        0000
__end_of___lldiv                   text6        00E7
__end_of__initialization           cinit        0016
__end_of__stringtab                strings      0020
__end_of_initConfig                text4        01F1
__end_of_initDigitalkeypad         text7        0219
__end_of_initUart                  text5        01BE
__end_of_isr                       text8        0206
__end_of_main                      maintext     0137
__end_of_putchar                   text3        0210
__end_of_puts                      text2        01DA
__end_of_read_digital_keypad       text1        0186
__initialization                   cinit        000F
__pbssCOMMON                       bssCOMMON    007A
__pcstackBANK0                     cstackBANK0  0020
__pcstackCOMMON                    cstackCOMMON 0070
__pdataCOMMON                      dataCOMMON   007B
__pidataCOMMON                     idataCOMMON  0219
__pintentry                        intentry     0004
__pmaintext                        maintext     00E7
__pstrings                         strings      001A
__ptext1                           text1        0137
__ptext2                           text2        01BE
__ptext3                           text3        0206
__ptext4                           text4        01DA
__ptext5                           text5        0186
__ptext6                           text6        0081
__ptext7                           text7        0210
__ptext8                           text8        01F1
__stringbase                       strings      001F
__stringtab                        strings      001A
_ch                                bssCOMMON    007A
_initConfig                        text4        01DA
_initDigitalkeypad                 text7        0210
_initUart                          text5        0186
_isr                               text8        01F1
_main                              maintext     00E7
_putchar                           text3        0206
_puts                              text2        01BE
_read_digital_keypad               text1        0137
btemp                              (abs)        007E
btemp0                             (abs)        007E
btemp1                             (abs)        007F
end_of_initialization              cinit        0016
initUart@baud_rate                 cstackBANK0  0026
interrupt_function                 intentry     0004
intlevel0                          functab      0000
intlevel1                          functab      0000
intlevel2                          functab      0000
intlevel3                          functab      0000
intlevel4                          functab      0000
intlevel5                          functab      0000
ltemp0a                            (abs)        0080
main@key                           cstackBANK0  002E
putchar@ch                         cstackCOMMON 0072
puts@str                           cstackCOMMON 0073
read_digital_keypad@i              cstackCOMMON 0074
read_digital_keypad@once           dataCOMMON   007B
read_digital_keypad@trigger_method cstackCOMMON 0073
reset_vec                          reset_vec    0000
saved_w                            (abs)        007E
start                              init         000C
start_initialization               cinit        000F
ttemp0a                            (abs)        007F
wtemp0                             (abs)        007E
wtemp0a                            (abs)        007F


MODULE INFORMATION

Module		Function		Class		Link	Load	Size
/home/krubro/Desktop/Emertxe/MC-Assignments/AS-15/isr.c
		_isr           		CODE           	01F1	0000	21

/home/krubro/Desktop/Emertxe/MC-Assignments/AS-15/isr.c estimated size: 21

/home/krubro/Desktop/Emertxe/MC-Assignments/AS-15/main.c
		_main          		CODE           	00E7	0000	80
		_initConfig    		CODE           	01DA	0000	23

/home/krubro/Desktop/Emertxe/MC-Assignments/AS-15/main.c estimated size: 103

/home/krubro/Desktop/Emertxe/MC-Assignments/AS-15/read_digital_keypad.c
		_initDigitalkeypad		CODE           	0210	0000	9
		_read_digital_keypad		CODE           	0137	0000	79

/home/krubro/Desktop/Emertxe/MC-Assignments/AS-15/read_digital_keypad.c estimated size: 88

/home/krubro/Desktop/Emertxe/MC-Assignments/AS-15/uart.c
		_initUart      		CODE           	0186	0000	56
		_puts          		CODE           	01BE	0000	28
		_putchar       		CODE           	0206	0000	10

/home/krubro/Desktop/Emertxe/MC-Assignments/AS-15/uart.c estimated size: 94

shared
		__stringtab    		STRING         	001A	0000	6
		__initialization		CODE           	000F	0000	7

shared estimated size: 13

/opt/microchip/xc8/v3.10/pic/sources/c99/common/__lldiv.c
		___lldiv       		CODE           	0081	0000	102

/opt/microchip/xc8/v3.10/pic/sources/c99/common/__lldiv.c estimated size: 102

