Microchip MPLAB XC8 Compiler V3.10

Linker command line:

-W-3 --edf=/opt/microchip/xc8/v3.10/pic/dat/20250813170317_en.msgs -cn \
  -h+/home/krubro/Desktop/Emertxe/MC-Assignments/AS-04/out/AS-04/production/default-production.sym \
  --cmf=/home/krubro/Desktop/Emertxe/MC-Assignments/AS-04/out/AS-04/production/default-production.cmf \
  -z -Q16F877A -o/tmp/xcXKOkfAd/driver_tmp_3.o --defsym=__MPLAB_BUILD=1 \
  --fixupoverflow=error -Mmem.map --md=/tmp/xcXKOkfAd/driver_tmp_0.dat -E1 \
  -ver=XC8 Compiler -ACODE=00h-07FFhx4 -ASTRCODE=00h-01FFFh \
  -ASTRING=00h-0FFhx32 -ACONST=00h-0FFhx32 -AENTRY=00h-0FFhx32 \
  -ACOMMON=070h-07Fh -ABANK0=020h-06Fh -ABANK1=0A0h-0EFh \
  -ABANK2=0110h-016Fh -ABANK3=0190h-01EFh \
  -ARAM=020h-06Fh,0A0h-0EFh,0110h-016Fh,0190h-01EFh \
  -AABS1=020h-07Fh,0A0h-0EFh,0110h-016Fh,0190h-01EFh -ASFR0=00h-01Fh \
  -ASFR1=080h-09Fh -ASFR2=0100h-010Fh -ASFR3=0180h-018Fh \
  -ACONFIG=02007h-02007h -DCONFIG=2 -AIDLOC=02000h-02003h -DIDLOC=2 \
  -AEEDATA=00h-0FFh/02100h -peeprom_data=EEDATA -DEEDATA=2 -DCODE=2 \
  -DSTRCODE=2 -DSTRING=2 -DCONST=2 -DENTRY=2 \
  -preset_vec=00h,intentry,sivt,init,end_init -ppowerup=CODE -pcinit=CODE \
  -pfunctab=ENTRY -k /tmp/xcXKOkfAd/driver_tmp_10.o \
  /home/krubro/Desktop/Emertxe/MC-Assignments/AS-04/out/AS-04/production/default-production.o 

Object code version is 3.11

Machine type is 16F877A



                Name                               Link     Load   Length Selector   Space Scale
/tmp/xcXKOkfAd/driver_tmp_10.o
                end_init                              0        0        3        0       0
                config                             2007     2007        1        0       4
/home/krubro/Desktop/Emertxe/MC-Assignments/AS-04/out/AS-04/production/default-production.o
                cinit                               7E6      7E6       1A      FCC       0
                config                             2007     2007        1        0       4
                text4                               6F4      6F4       3A      DE8       0
                text3                               6D0      6D0       11      DA0       0
                text2                               6BC      6BC        A      D78       0
                text1                               72E      72E       3E      E5C       0
                maintext                            76C      76C       7A      ED8       0
                cstackBANK0                          20       20       13       20       1
                cstackCOMMON                         70       70        A       70       1
                inittext                            6E1      6E1       13      DC2       0
                dataBANK0                            33       33        A       20       1
                dataCOMMON                           7C       7C        1       70       1
                bssCOMMON                            7A       7A        2       70       1
                idataBANK0                          6C6      6C6        A      D8C       0
                idataCOMMON                         6BB      6BB        1      D76       0

TOTAL           Name                               Link     Load   Length     Space
        CLASS   CODE           
                end_init                              0        0        3         0
                cinit                               7E6      7E6       1A         0
                text4                               6F4      6F4       3A         0
                text3                               6D0      6D0       11         0
                text2                               6BC      6BC        A         0
                text1                               72E      72E       3E         0
                maintext                            76C      76C       7A         0
                inittext                            6E1      6E1       13         0
                idataBANK0                          6C6      6C6        A         0
                idataCOMMON                         6BB      6BB        1         0

        CLASS   STRCODE        

        CLASS   STRING         

        CLASS   CONST          

        CLASS   ENTRY          

        CLASS   COMMON         
                cstackCOMMON                         70       70        A         1
                dataCOMMON                           7C       7C        1         1
                bssCOMMON                            7A       7A        2         1

        CLASS   BANK0          
                cstackBANK0                          20       20       13         1
                dataBANK0                            33       33        A         1

        CLASS   BANK1          

        CLASS   BANK2          

        CLASS   BANK3          

        CLASS   RAM            

        CLASS   ABS1           
                abs_s1                               7E       7E        2         1

        CLASS   SFR0           

        CLASS   SFR1           

        CLASS   SFR2           

        CLASS   SFR3           

        CLASS   CONFIG         
                config                             2007     2007        1         4

        CLASS   IDLOC          

        CLASS   EEDATA         

        CLASS   HEAP           

        CLASS   STACK          



SEGMENTS        Name                           Load    Length   Top    Selector   Space  Class     Delta

                text4                          0006F4  00003A  00072E       DE8       0  CODE        2
                text3                          0006D0  000011  0006E1       DA0       0  CODE        2
                inittext                       0006E1  000013  0006F4       DC2       0  CODE        2
                text1                          00072E  00003E  00076C       E5C       0  CODE        2
                reset_vec                      000000  000003  000003         0       0  CODE        2
                maintext                       00076C  00007A  0007E6       ED8       0  CODE        2
                idataBANK0                     0006C6  00000A  0006D0       D8C       0  CODE        2
                text2                          0006BC  00000A  0006C6       D78       0  CODE        2
                idataCOMMON                    0006BB  000001  0006BC       D76       0  CODE        2
                cstackBANK0                    000020  00001D  00003D        20       1  BANK0       1
                cinit                          0007E6  00001A  000800       FCC       0  CODE        2
                cstackCOMMON                   000070  00000D  00007D        70       1  COMMON      1


UNUSED ADDRESS RANGES

        Name                Unused          Largest block    Delta
        BANK0            003D-006F             33           1
        BANK1            00A0-00EF             50           1
        BANK2            0110-016F             60           1
        BANK3            0190-01EF             60           1
        CODE             0003-06BA            6B8           2
                         0800-1FFF            800
        COMMON           007D-007D              1           1
        CONST            0003-06BA            100           2
                         0800-1FFF            100
        EEDATA           2100-21FF            100           2
        ENTRY            0003-06BA            100           2
                         0800-1FFF            100
        IDLOC            2000-2003              4           2
        RAM              003D-006F             33           1
                         00A0-00EF             50
                         0110-016F             60
                         0190-01EF             60
        SFR0             0000-001F             20           1
        SFR1             0080-009F             20           1
        SFR2             0100-010F             10           1
        SFR3             0180-018F             10           1
        STRCODE          0003-06BA            6B8           2
                         0800-1FFF           1800
        STRING           0003-06BA            100           2
                         0800-1FFF            100

                                  Symbol Table

_PORTA                             (abs)        0005
_PORTB                             (abs)        0006
_PORTD                             (abs)        0008
_TRISA                             (abs)        0085
_TRISB                             (abs)        0086
_TRISD                             (abs)        0088
__H__absolute__                    __absolute__ 0000
__Habs1                            abs1         0000
__Hbank0                           bank0        0000
__Hbank1                           bank1        0000
__Hbank2                           bank2        0000
__Hbank3                           bank3        0000
__HbssCOMMON                       bssCOMMON    0000
__Hcinit                           cinit        0800
__Hclrtext                         clrtext      0000
__Hcode                            code         0000
__Hcommon                          common       0000
__Hconfig                          config       2008
__HcstackBANK0                     cstackBANK0  0000
__HcstackCOMMON                    cstackCOMMON 0000
__HdataBANK0                       dataBANK0    0000
__HdataCOMMON                      dataCOMMON   0000
__Heeprom_data                     eeprom_data  0000
__Hend_init                        end_init     0003
__Hfunctab                         functab      0000
__Hheap                            heap         0000
__HidataBANK0                      idataBANK0   0000
__HidataCOMMON                     idataCOMMON  0000
__Hinit                            init         0000
__Hinittext                        inittext     0000
__Hintentry                        intentry     0000
__Hmaintext                        maintext     0000
__Hpowerup                         powerup      0000
__Hram                             ram          0000
__Hreset_vec                       reset_vec    0000
__Hsfr0                            sfr0         0000
__Hsfr1                            sfr1         0000
__Hsfr2                            sfr2         0000
__Hsfr3                            sfr3         0000
__Hsivt                            sivt         0000
__Hspace_0                         (abs)        0800
__Hspace_1                         (abs)        007D
__Hspace_2                         (abs)        0000
__Hspace_3                         (abs)        0000
__Hspace_4                         (abs)        400F
__Hstack                           stack        0000
__Hstrings                         strings      0000
__Htext                            text         0000
__L__absolute__                    __absolute__ 0000
__Labs1                            abs1         0000
__Lbank0                           bank0        0000
__Lbank1                           bank1        0000
__Lbank2                           bank2        0000
__Lbank3                           bank3        0000
__LbssCOMMON                       bssCOMMON    0000
__Lcinit                           cinit        07E6
__Lclrtext                         clrtext      0000
__Lcode                            code         0000
__Lcommon                          common       0000
__Lconfig                          config       0000
__LcstackBANK0                     cstackBANK0  0000
__LcstackCOMMON                    cstackCOMMON 0000
__LdataBANK0                       dataBANK0    0000
__LdataCOMMON                      dataCOMMON   0000
__Leeprom_data                     eeprom_data  0000
__Lend_init                        end_init     0000
__Lfunctab                         functab      0000
__Lheap                            heap         0000
__LidataBANK0                      idataBANK0   0000
__LidataCOMMON                     idataCOMMON  0000
__Linit                            init         0000
__Linittext                        inittext     0000
__Lintentry                        intentry     0000
__Lmaintext                        maintext     0000
__Lpowerup                         powerup      0000
__Lram                             ram          0000
__Lreset_vec                       reset_vec    0000
__Lsfr0                            sfr0         0000
__Lsfr1                            sfr1         0000
__Lsfr2                            sfr2         0000
__Lsfr3                            sfr3         0000
__Lsivt                            sivt         0000
__Lspace_0                         (abs)        0000
__Lspace_1                         (abs)        0000
__Lspace_2                         (abs)        0000
__Lspace_3                         (abs)        0000
__Lspace_4                         (abs)        0000
__Lstack                           stack        0000
__Lstrings                         strings      0000
__Ltext                            text         0000
__S0                               (abs)        0800
__S1                               (abs)        007D
__S3                               (abs)        0000
___heap_hi                         (abs)        0000
___heap_lo                         (abs)        0000
___int_sp                          stack        0000
___int_stack_hi                    stack        0000
___int_stack_lo                    stack        0000
___latbits                         (abs)        0002
___sp                              stack        0000
___stack_hi                        stack        0000
___stack_lo                        stack        0000
___stackhi                         (abs)        0000
___stacklo                         (abs)        0000
__end_of__initialization           cinit        07FC
__end_of_display                   text4        072E
__end_of_initConfig                text2        06C6
__end_of_init_ssd                  text3        06E1
__end_of_main                      maintext     07E6
__end_of_read_digital_keypad       text1        076C
__initialization                   cinit        07E6
__pbssCOMMON                       bssCOMMON    007A
__pcstackBANK0                     cstackBANK0  0020
__pcstackCOMMON                    cstackCOMMON 0070
__pdataBANK0                       dataBANK0    0033
__pdataCOMMON                      dataCOMMON   007C
__pidataBANK0                      idataBANK0   06C6
__pidataCOMMON                     idataCOMMON  06BB
__pmaintext                        maintext     076C
__ptext1                           text1        072E
__ptext2                           text2        06BC
__ptext3                           text3        06D0
__ptext4                           text4        06F4
_display                           text4        06F4
_initConfig                        text2        06BC
_init_ssd                          text3        06D0
_main                              maintext     076C
_read_digital_keypad               text1        072E
btemp                              (abs)        007E
btemp0                             (abs)        007E
btemp1                             (abs)        007F
display@i                          cstackCOMMON 0074
display@j                          cstackCOMMON 0072
display@ssd                        cstackCOMMON 0070
end_of_initialization              cinit        07FC
init_fetch0                        inittext     06E1
init_ram0                          inittext     06E5
intlevel0                          functab      0000
intlevel1                          functab      0000
intlevel2                          functab      0000
intlevel3                          functab      0000
intlevel4                          functab      0000
intlevel5                          functab      0000
ltemp0a                            (abs)        0080
main@F1017                         dataBANK0    0033
main@count                         cstackBANK0  002F
main@digits                        cstackBANK0  0020
main@key                           cstackBANK0  002E
main@ssd                           cstackBANK0  002A
main@wait                          cstackBANK0  0031
read_digital_keypad@delay          bssCOMMON    007A
read_digital_keypad@once           dataCOMMON   007C
read_digital_keypad@trigger_method cstackCOMMON 0071
reset_vec                          reset_vec    0000
start                              init         0000
start_initialization               cinit        07E6
ttemp0a                            (abs)        007F
wtemp0                             (abs)        007E
wtemp0a                            (abs)        007F


MODULE INFORMATION

Module		Function		Class		Link	Load	Size
/home/krubro/Desktop/Emertxe/MC-Assignments/AS-04/main.c
		_main          		CODE           	076C	0000	122
		_initConfig    		CODE           	06BC	0000	10

/home/krubro/Desktop/Emertxe/MC-Assignments/AS-04/main.c estimated size: 132

/home/krubro/Desktop/Emertxe/MC-Assignments/AS-04/ssd.c
		_init_ssd      		CODE           	06D0	0000	17
		_display       		CODE           	06F4	0000	58

/home/krubro/Desktop/Emertxe/MC-Assignments/AS-04/ssd.c estimated size: 75

/home/krubro/Desktop/Emertxe/MC-Assignments/AS-04/read_digital_keypad.c
		_read_digital_keypad		CODE           	072E	0000	62

/home/krubro/Desktop/Emertxe/MC-Assignments/AS-04/read_digital_keypad.c estimated size: 62

shared
		__initialization		CODE           	07E6	0000	22

shared estimated size: 22

