Microchip MPLAB XC8 Compiler V3.10

Linker command line:

-W-3 --edf=/opt/microchip/xc8/v3.10/pic/dat/20250813170317_en.msgs -cn \
  -h+/home/krubro/Desktop/Emertxe/MC-Assignments/AS-11/out/AS-11/default.sym \
  --cmf=/home/krubro/Desktop/Emertxe/MC-Assignments/AS-11/out/AS-11/default.cmf \
  -z -Q16F877A -o/tmp/xcXdNlPBP/driver_tmp_3.o --defsym=__MPLAB_BUILD=1 \
  --fixupoverflow=error -Mmem.map --md=/tmp/xcXdNlPBP/driver_tmp_0.dat -E1 \
  -ver=XC8 Compiler -ACODE=00h-07FFhx4 -ASTRCODE=00h-01FFFh \
  -ASTRING=00h-0FFhx32 -ACONST=00h-0FFhx32 -AENTRY=00h-0FFhx32 \
  -ACOMMON=070h-07Fh -ABANK0=020h-06Fh -ABANK1=0A0h-0EFh \
  -ABANK2=0110h-016Fh -ABANK3=0190h-01EFh \
  -ARAM=020h-06Fh,0A0h-0EFh,0110h-016Fh,0190h-01EFh \
  -AABS1=020h-07Fh,0A0h-0EFh,0110h-016Fh,0190h-01EFh -ASFR0=00h-01Fh \
  -ASFR1=080h-09Fh -ASFR2=0100h-010Fh -ASFR3=0180h-018Fh \
  -ACONFIG=02007h-02007h -DCONFIG=2 -AIDLOC=02000h-02003h -DIDLOC=2 \
  -AEEDATA=00h-0FFh/02100h -peeprom_data=EEDATA -DEEDATA=2 -DCODE=2 \
  -DSTRCODE=2 -DSTRING=2 -DCONST=2 -DENTRY=2 \
  -preset_vec=00h,intentry=04h,sivt,init,end_init -ppowerup=CODE \
  -pcinit=CODE -pfunctab=ENTRY -k /tmp/xcXdNlPBP/driver_tmp_10.o \
  /home/krubro/Desktop/Emertxe/MC-Assignments/AS-11/out/AS-11/default.o 

Object code version is 3.11

Machine type is 16F877A



                Name                               Link     Load   Length Selector   Space Scale
/tmp/xcXdNlPBP/driver_tmp_10.o
                end_init                              C        C        3        8       0
                reset_vec                             0        0        3        0       0
/home/krubro/Desktop/Emertxe/MC-Assignments/AS-11/out/AS-11/default.o
                cinit                                 F        F        A        8       0
                intentry                              4        4        8        8       0
                text3                                45       45        E        8       0
                text2                                5F       5F        9        8       0
                text1                                53       53        C        8       0
                maintext                             19       19       2C        8       0
                cstackCOMMON                         70       70        5       70       1
                dataCOMMON                           75       75        1       70       1
                idataCOMMON                          68       68        1        8       0

TOTAL           Name                               Link     Load   Length     Space
        CLASS   CODE           
                end_init                              C        C        3         0
                cinit                                 F        F        A         0
                intentry                              4        4        8         0
                reset_vec                             0        0        3         0
                text3                                45       45        E         0
                text2                                5F       5F        9         0
                text1                                53       53        C         0
                maintext                             19       19       2C         0
                idataCOMMON                          68       68        1         0

        CLASS   STRCODE        

        CLASS   STRING         

        CLASS   CONST          

        CLASS   ENTRY          

        CLASS   COMMON         
                cstackCOMMON                         70       70        5         1
                dataCOMMON                           75       75        1         1

        CLASS   BANK0          

        CLASS   BANK1          

        CLASS   BANK2          

        CLASS   BANK3          

        CLASS   RAM            

        CLASS   ABS1           
                abs_s1                               7E       7E        2         1

        CLASS   SFR0           

        CLASS   SFR1           

        CLASS   SFR2           

        CLASS   SFR3           

        CLASS   CONFIG         

        CLASS   IDLOC          

        CLASS   EEDATA         

        CLASS   HEAP           

        CLASS   STACK          



SEGMENTS        Name                           Load    Length   Top    Selector   Space  Class     Delta

                reset_vec                      000000  000003  000003         0       0  CODE        2
                intentry                       000004  000065  000069         8       0  CODE        2
                cstackCOMMON                   000070  000006  000076        70       1  COMMON      1


UNUSED ADDRESS RANGES

        Name                Unused          Largest block    Delta
        BANK0            020-06F            50           1
        BANK1            0A0-0EF            50           1
        BANK2            110-16F            60           1
        BANK3            190-1EF            60           1
        CODE             003-003             1           2
                         069-1FFF           800
        COMMON           076-07D             8           1
        CONFIG           2007-2007             1           2
        CONST            003-003             1           2
                         069-1FFF           100
        EEDATA           2100-21FF           100           2
        ENTRY            003-003             1           2
                         069-1FFF           100
        IDLOC            2000-2003             4           2
        RAM              020-06F            50           1
                         0A0-0EF            50
                         110-16F            60
                         190-1EF            60
        SFR0             000-01F            20           1
        SFR1             080-09F            20           1
        SFR2             100-10F            10           1
        SFR3             180-18F            10           1
        STRCODE          003-003             1           2
                         069-1FFF          1F97
        STRING           003-003             1           2
                         069-1FFF           100

                                  Symbol Table

_GIE                        (abs)        05F
_INTE                       (abs)        05C
_INTEDG                     (abs)        40E
_INTF                       (abs)        059
_PEIE                       (abs)        05E
_RD0                        (abs)        040
_TRISB0                     (abs)        430
_TRISD0                     (abs)        440
__H__absolute__             __absolute__ 000
__Habs1                     abs1         000
__Hbank0                    bank0        000
__Hbank1                    bank1        000
__Hbank2                    bank2        000
__Hbank3                    bank3        000
__Hcinit                    cinit        019
__Hclrtext                  clrtext      000
__Hcode                     code         000
__Hcommon                   common       000
__HcstackCOMMON             cstackCOMMON 000
__HdataCOMMON               dataCOMMON   000
__Heeprom_data              eeprom_data  000
__Hend_init                 end_init     00F
__Hfunctab                  functab      000
__Hheap                     heap         000
__HidataCOMMON              idataCOMMON  000
__Hinit                     init         00C
__Hintentry                 intentry     00C
__Hmaintext                 maintext     000
__Hpowerup                  powerup      000
__Hram                      ram          000
__Hreset_vec                reset_vec    003
__Hsfr0                     sfr0         000
__Hsfr1                     sfr1         000
__Hsfr2                     sfr2         000
__Hsfr3                     sfr3         000
__Hsivt                     sivt         00C
__Hspace_0                  (abs)        069
__Hspace_1                  (abs)        076
__Hspace_2                  (abs)        000
__Hspace_3                  (abs)        000
__Hstack                    stack        000
__Hstrings                  strings      000
__Htext                     text         000
__L__absolute__             __absolute__ 000
__Labs1                     abs1         000
__Lbank0                    bank0        000
__Lbank1                    bank1        000
__Lbank2                    bank2        000
__Lbank3                    bank3        000
__Lcinit                    cinit        00F
__Lclrtext                  clrtext      000
__Lcode                     code         000
__Lcommon                   common       000
__LcstackCOMMON             cstackCOMMON 000
__LdataCOMMON               dataCOMMON   000
__Leeprom_data              eeprom_data  000
__Lend_init                 end_init     00C
__Lfunctab                  functab      000
__Lheap                     heap         000
__LidataCOMMON              idataCOMMON  000
__Linit                     init         00C
__Lintentry                 intentry     004
__Lmaintext                 maintext     000
__Lpowerup                  powerup      000
__Lram                      ram          000
__Lreset_vec                reset_vec    000
__Lsfr0                     sfr0         000
__Lsfr1                     sfr1         000
__Lsfr2                     sfr2         000
__Lsfr3                     sfr3         000
__Lsivt                     sivt         00C
__Lspace_0                  (abs)        000
__Lspace_1                  (abs)        000
__Lspace_2                  (abs)        000
__Lspace_3                  (abs)        000
__Lstack                    stack        000
__Lstrings                  strings      000
__Ltext                     text         000
__S0                        (abs)        069
__S1                        (abs)        076
__S3                        (abs)        000
___heap_hi                  (abs)        000
___heap_lo                  (abs)        000
___int_sp                   stack        000
___int_stack_hi             stack        000
___int_stack_lo             stack        000
___latbits                  (abs)        002
___sp                       stack        000
___stack_hi                 stack        000
___stack_lo                 stack        000
___stackhi                  (abs)        000
___stacklo                  (abs)        000
__end_of__initialization    cinit        015
__end_of_initConfig         text1        05F
__end_of_init_ext_interrtup text2        068
__end_of_isr                text3        053
__end_of_main               maintext     045
__initialization            cinit        00F
__pcstackCOMMON             cstackCOMMON 070
__pdataCOMMON               dataCOMMON   075
__pidataCOMMON              idataCOMMON  068
__pintentry                 intentry     004
__pmaintext                 maintext     019
__ptext1                    text1        053
__ptext2                    text2        05F
__ptext3                    text3        045
_duty_cycle                 dataCOMMON   075
_initConfig                 text1        053
_init_ext_interrtup         text2        05F
_isr                        text3        045
_main                       maintext     019
btemp                       (abs)        07E
btemp0                      (abs)        07E
btemp1                      (abs)        07F
end_of_initialization       cinit        015
interrupt_function          intentry     004
intlevel0                   functab      000
intlevel1                   functab      000
intlevel2                   functab      000
intlevel3                   functab      000
intlevel4                   functab      000
intlevel5                   functab      000
ltemp0a                     (abs)        080
main@delay                  cstackCOMMON 073
main@period                 cstackCOMMON 072
main@program_cycle          cstackCOMMON 074
reset_vec                   reset_vec    000
saved_w                     (abs)        07E
start                       init         00C
start_initialization        cinit        00F
ttemp0a                     (abs)        07F
wtemp0                      (abs)        07E
wtemp0a                     (abs)        07F


MODULE INFORMATION

Module		Function		Class		Link	Load	Size
/home/krubro/Desktop/Emertxe/MC-Assignments/AS-11/isr.c
		_isr           		CODE           	0045	0000	14

/home/krubro/Desktop/Emertxe/MC-Assignments/AS-11/isr.c estimated size: 14

/home/krubro/Desktop/Emertxe/MC-Assignments/AS-11/ext_interrupt.c
		_init_ext_interrtup		CODE           	005F	0000	9

/home/krubro/Desktop/Emertxe/MC-Assignments/AS-11/ext_interrupt.c estimated size: 9

/home/krubro/Desktop/Emertxe/MC-Assignments/AS-11/main.c
		_main          		CODE           	0019	0000	44
		_initConfig    		CODE           	0053	0000	12

/home/krubro/Desktop/Emertxe/MC-Assignments/AS-11/main.c estimated size: 56

shared
		__initialization		CODE           	000F	0000	6

shared estimated size: 6

