Microchip MPLAB XC8 Compiler V3.10

Linker command line:

-W-3 --edf=/opt/microchip/xc8/v3.10/pic/dat/20250813170317_en.msgs -cn \
  -h+/home/krubro/Desktop/Emertxe/MC-Assignments/AS-06/out/AS-06/production/default-production.sym \
  --cmf=/home/krubro/Desktop/Emertxe/MC-Assignments/AS-06/out/AS-06/production/default-production.cmf \
  -z -Q16F877A -o/tmp/xcXFmFInK/driver_tmp_3.o --defsym=__MPLAB_BUILD=1 \
  --fixupoverflow=error -Mmem.map --md=/tmp/xcXFmFInK/driver_tmp_0.dat -E1 \
  -ver=XC8 Compiler -ACODE=00h-07FFhx4 -ASTRCODE=00h-01FFFh \
  -ASTRING=00h-0FFhx32 -ACONST=00h-0FFhx32 -AENTRY=00h-0FFhx32 \
  -ACOMMON=070h-07Fh -ABANK0=020h-06Fh -ABANK1=0A0h-0EFh \
  -ABANK2=0110h-016Fh -ABANK3=0190h-01EFh \
  -ARAM=020h-06Fh,0A0h-0EFh,0110h-016Fh,0190h-01EFh \
  -AABS1=020h-07Fh,0A0h-0EFh,0110h-016Fh,0190h-01EFh -ASFR0=00h-01Fh \
  -ASFR1=080h-09Fh -ASFR2=0100h-010Fh -ASFR3=0180h-018Fh \
  -ACONFIG=02007h-02007h -DCONFIG=2 -AIDLOC=02000h-02003h -DIDLOC=2 \
  -AEEDATA=00h-0FFh/02100h -peeprom_data=EEDATA -DEEDATA=2 -DCODE=2 \
  -DSTRCODE=2 -DSTRING=2 -DCONST=2 -DENTRY=2 \
  -preset_vec=00h,intentry=04h,sivt,init,end_init -ppowerup=CODE \
  -pcinit=CODE -pfunctab=ENTRY -k /tmp/xcXFmFInK/driver_tmp_10.o \
  /home/krubro/Desktop/Emertxe/MC-Assignments/AS-06/out/AS-06/production/default-production.o 

Object code version is 3.11

Machine type is 16F877A



                Name                               Link     Load   Length Selector   Space Scale
/tmp/xcXFmFInK/driver_tmp_10.o
                end_init                              C        C        3        8       0
                reset_vec                             0        0        3        0       0
                config                             2007     2007        1        0       4
/home/krubro/Desktop/Emertxe/MC-Assignments/AS-06/out/AS-06/production/default-production.o
                cinit                                 F        F       14        8       0
                intentry                              4        4        8        8       0
                config                             2007     2007        1        0       4
                text5                                EE       EE       10        8       0
                text4                                90       90       3A        8       0
                text3                               117      117        9        8       0
                text2                                FE       FE        F        8       0
                text1                                DD       DD       11        8       0
                maintext                             23       23       6D        8       0
                cstackBANK0                          20       20       12       20       1
                cstackCOMMON                         70       70        C       70       1
                inittext                             CA       CA       13        8       0
                dataBANK0                            32       32        A       20       1
                bssBANK0                             3C       3C        2       20       1
                idataBANK0                          10D      10D        A        8       0

TOTAL           Name                               Link     Load   Length     Space
        CLASS   CODE           
                end_init                              C        C        3         0
                cinit                                 F        F       14         0
                intentry                              4        4        8         0
                reset_vec                             0        0        3         0
                text5                                EE       EE       10         0
                text4                                90       90       3A         0
                text3                               117      117        9         0
                text2                                FE       FE        F         0
                text1                                DD       DD       11         0
                maintext                             23       23       6D         0
                inittext                             CA       CA       13         0
                idataBANK0                          10D      10D        A         0

        CLASS   STRCODE        

        CLASS   STRING         

        CLASS   CONST          

        CLASS   ENTRY          

        CLASS   COMMON         
                cstackCOMMON                         70       70        C         1

        CLASS   BANK0          
                cstackBANK0                          20       20       12         1
                dataBANK0                            32       32        A         1
                bssBANK0                             3C       3C        2         1

        CLASS   BANK1          

        CLASS   BANK2          

        CLASS   BANK3          

        CLASS   RAM            

        CLASS   ABS1           
                abs_s1                               7E       7E        2         1

        CLASS   SFR0           

        CLASS   SFR1           

        CLASS   SFR2           

        CLASS   SFR3           

        CLASS   CONFIG         
                config                             2007     2007        1         4

        CLASS   IDLOC          

        CLASS   EEDATA         

        CLASS   HEAP           

        CLASS   STACK          



SEGMENTS        Name                           Load    Length   Top    Selector   Space  Class     Delta

                reset_vec                      000000  000003  000003         0       0  CODE        2
                cstackBANK0                    000020  00001E  00003E        20       1  BANK0       1
                intentry                       000004  00011C  000120         8       0  CODE        2
                cstackCOMMON                   000070  00000C  00007C        70       1  COMMON      1


UNUSED ADDRESS RANGES

        Name                Unused          Largest block    Delta
        BANK0            003E-006F             32           1
        BANK1            00A0-00EF             50           1
        BANK2            0110-016F             60           1
        BANK3            0190-01EF             60           1
        CODE             0003-0003              1           2
                         0120-1FFF            800
        COMMON           007C-007D              2           1
        CONST            0003-0003              1           2
                         0120-1FFF            100
        EEDATA           2100-21FF            100           2
        ENTRY            0003-0003              1           2
                         0120-1FFF            100
        IDLOC            2000-2003              4           2
        RAM              003E-006F             32           1
                         00A0-00EF             50
                         0110-016F             60
                         0190-01EF             60
        SFR0             0000-001F             20           1
        SFR1             0080-009F             20           1
        SFR2             0100-010F             10           1
        SFR3             0180-018F             10           1
        STRCODE          0003-0003              1           2
                         0120-1FFF           1EE0
        STRING           0003-0003              1           2
                         0120-1FFF            100

                                  Symbol Table

_GIE                        (abs)        005F
_INTE                       (abs)        005C
_INTEDG                     (abs)        040E
_INTF                       (abs)        0059
_PEIE                       (abs)        005E
_PORTA                      (abs)        0005
_PORTB                      (abs)        0006
_PORTD                      (abs)        0008
_RB7                        (abs)        0037
_TRISA                      (abs)        0085
_TRISB                      (abs)        0086
_TRISB0                     (abs)        0430
_TRISD                      (abs)        0088
__H__absolute__             __absolute__ 0000
__Habs1                     abs1         0000
__Hbank0                    bank0        0000
__Hbank1                    bank1        0000
__Hbank2                    bank2        0000
__Hbank3                    bank3        0000
__HbssBANK0                 bssBANK0     0000
__Hcinit                    cinit        0023
__Hclrtext                  clrtext      0000
__Hcode                     code         0000
__Hcommon                   common       0000
__Hconfig                   config       2008
__HcstackBANK0              cstackBANK0  0000
__HcstackCOMMON             cstackCOMMON 0000
__HdataBANK0                dataBANK0    0000
__Heeprom_data              eeprom_data  0000
__Hend_init                 end_init     000F
__Hfunctab                  functab      0000
__Hheap                     heap         0000
__HidataBANK0               idataBANK0   0000
__Hinit                     init         000C
__Hinittext                 inittext     0000
__Hintentry                 intentry     000C
__Hmaintext                 maintext     0000
__Hpowerup                  powerup      0000
__Hram                      ram          0000
__Hreset_vec                reset_vec    0003
__Hsfr0                     sfr0         0000
__Hsfr1                     sfr1         0000
__Hsfr2                     sfr2         0000
__Hsfr3                     sfr3         0000
__Hsivt                     sivt         000C
__Hspace_0                  (abs)        0120
__Hspace_1                  (abs)        007C
__Hspace_2                  (abs)        0000
__Hspace_3                  (abs)        0000
__Hspace_4                  (abs)        400F
__Hstack                    stack        0000
__Hstrings                  strings      0000
__Htext                     text         0000
__L__absolute__             __absolute__ 0000
__Labs1                     abs1         0000
__Lbank0                    bank0        0000
__Lbank1                    bank1        0000
__Lbank2                    bank2        0000
__Lbank3                    bank3        0000
__LbssBANK0                 bssBANK0     0000
__Lcinit                    cinit        000F
__Lclrtext                  clrtext      0000
__Lcode                     code         0000
__Lcommon                   common       0000
__Lconfig                   config       0000
__LcstackBANK0              cstackBANK0  0000
__LcstackCOMMON             cstackCOMMON 0000
__LdataBANK0                dataBANK0    0000
__Leeprom_data              eeprom_data  0000
__Lend_init                 end_init     000C
__Lfunctab                  functab      0000
__Lheap                     heap         0000
__LidataBANK0               idataBANK0   0000
__Linit                     init         000C
__Linittext                 inittext     0000
__Lintentry                 intentry     0004
__Lmaintext                 maintext     0000
__Lpowerup                  powerup      0000
__Lram                      ram          0000
__Lreset_vec                reset_vec    0000
__Lsfr0                     sfr0         0000
__Lsfr1                     sfr1         0000
__Lsfr2                     sfr2         0000
__Lsfr3                     sfr3         0000
__Lsivt                     sivt         000C
__Lspace_0                  (abs)        0000
__Lspace_1                  (abs)        0000
__Lspace_2                  (abs)        0000
__Lspace_3                  (abs)        0000
__Lspace_4                  (abs)        0000
__Lstack                    stack        0000
__Lstrings                  strings      0000
__Ltext                     text         0000
__S0                        (abs)        0120
__S1                        (abs)        007C
__S3                        (abs)        0000
___heap_hi                  (abs)        0000
___heap_lo                  (abs)        0000
___int_sp                   stack        0000
___int_stack_hi             stack        0000
___int_stack_lo             stack        0000
___latbits                  (abs)        0002
___sp                       stack        0000
___stack_hi                 stack        0000
___stack_lo                 stack        0000
___stackhi                  (abs)        0000
___stacklo                  (abs)        0000
__end_of__initialization    cinit        001F
__end_of_display            text4        00CA
__end_of_initConfig         text1        00EE
__end_of_init_ext_interrtup text3        0120
__end_of_isr                text5        00FE
__end_of_main               maintext     0090
__end_of_ssdInit            text2        010D
__initialization            cinit        000F
__pbssBANK0                 bssBANK0     003C
__pcstackBANK0              cstackBANK0  0020
__pcstackCOMMON             cstackCOMMON 0070
__pdataBANK0                dataBANK0    0032
__pidataBANK0               idataBANK0   010D
__pintentry                 intentry     0004
__pmaintext                 maintext     0023
__ptext1                    text1        00DD
__ptext2                    text2        00FE
__ptext3                    text3        0117
__ptext4                    text4        0090
__ptext5                    text5        00EE
_count                      bssBANK0     003C
_display                    text4        0090
_initConfig                 text1        00DD
_init_ext_interrtup         text3        0117
_isr                        text5        00EE
_main                       maintext     0023
_ssdInit                    text2        00FE
btemp                       (abs)        007E
btemp0                      (abs)        007E
btemp1                      (abs)        007F
display@i                   cstackCOMMON 0076
display@j                   cstackCOMMON 0074
display@ssd                 cstackCOMMON 0072
end_of_initialization       cinit        001F
init_fetch0                 inittext     00CA
init_ram0                   inittext     00CE
interrupt_function          intentry     0004
intlevel0                   functab      0000
intlevel1                   functab      0000
intlevel2                   functab      0000
intlevel3                   functab      0000
intlevel4                   functab      0000
intlevel5                   functab      0000
ltemp0a                     (abs)        0080
main@F1016                  dataBANK0    0032
main@delay                  cstackBANK0  002E
main@digits                 cstackBANK0  0020
main@ssd                    cstackBANK0  002A
reset_vec                   reset_vec    0000
saved_w                     (abs)        007E
start                       init         000C
start_initialization        cinit        000F
ttemp0a                     (abs)        007F
wtemp0                      (abs)        007E
wtemp0a                     (abs)        007F


MODULE INFORMATION

Module		Function		Class		Link	Load	Size
/home/krubro/Desktop/Emertxe/MC-Assignments/AS-06/isr.c
		_isr           		CODE           	00EE	0000	16

/home/krubro/Desktop/Emertxe/MC-Assignments/AS-06/isr.c estimated size: 16

/home/krubro/Desktop/Emertxe/MC-Assignments/AS-06/ssd.c
		_display       		CODE           	0090	0000	58
		_ssdInit       		CODE           	00FE	0000	15

/home/krubro/Desktop/Emertxe/MC-Assignments/AS-06/ssd.c estimated size: 73

shared
		__initialization		CODE           	000F	0000	16

shared estimated size: 16

/home/krubro/Desktop/Emertxe/MC-Assignments/AS-06/ext_interrupt_init.c
		_init_ext_interrtup		CODE           	0117	0000	9

/home/krubro/Desktop/Emertxe/MC-Assignments/AS-06/ext_interrupt_init.c estimated size: 9

/home/krubro/Desktop/Emertxe/MC-Assignments/AS-06/main.c
		_main          		CODE           	0023	0000	109
		_initConfig    		CODE           	00DD	0000	17

/home/krubro/Desktop/Emertxe/MC-Assignments/AS-06/main.c estimated size: 126

