Microchip MPLAB XC8 Compiler V3.10

Linker command line:

-W-3 \
  --edf=/home/krubro/.mchp_packs/Microchip/PIC16Fxxx_DFP/1.8.167/xc8/pic/dat/20260422061002_en.msgs \
  -cn \
  -h+/home/krubro/Desktop/Emertxe/MC-Assignments/AS-12/out/AS-12/default.sym \
  --cmf=/home/krubro/Desktop/Emertxe/MC-Assignments/AS-12/out/AS-12/default.cmf \
  -z -Q16F877A -o/tmp/xcXmpHNIi/driver_tmp_3.o --defsym=__MPLAB_BUILD=1 \
  --fixupoverflow=error -Mmem.map --md=/tmp/xcXmpHNIi/driver_tmp_0.dat -E1 \
  -ver=XC8 Compiler -ACODE=00h-07FFhx4 -ASTRCODE=00h-01FFFh \
  -ASTRING=00h-0FFhx32 -ACONST=00h-0FFhx32 -AENTRY=00h-0FFhx32 \
  -ACOMMON=070h-07Fh -ABANK0=020h-06Fh -ABANK1=0A0h-0EFh \
  -ABANK2=0110h-016Fh -ABANK3=0190h-01EFh \
  -ARAM=020h-06Fh,0A0h-0EFh,0110h-016Fh,0190h-01EFh \
  -AABS1=020h-07Fh,0A0h-0EFh,0110h-016Fh,0190h-01EFh -ASFR0=00h-01Fh \
  -ASFR1=080h-09Fh -ASFR2=0100h-010Fh -ASFR3=0180h-018Fh \
  -ACONFIG=02007h-02007h -DCONFIG=2 -AIDLOC=02000h-02003h -DIDLOC=2 \
  -AEEDATA=00h-0FFh/02100h -peeprom_data=EEDATA -DEEDATA=2 -DCODE=2 \
  -DSTRCODE=2 -DSTRING=2 -DCONST=2 -DENTRY=2 \
  -preset_vec=00h,intentry=04h,sivt,init,end_init -ppowerup=CODE \
  -pcinit=CODE -pfunctab=ENTRY -k /tmp/xcXmpHNIi/driver_tmp_10.o \
  /home/krubro/Desktop/Emertxe/MC-Assignments/AS-12/out/AS-12/default.o 

Object code version is 3.11

Machine type is 16F877A



                Name                               Link     Load   Length Selector   Space Scale
/tmp/xcXmpHNIi/driver_tmp_10.o
                end_init                              C        C        3        8       0
                reset_vec                             0        0        3        0       0
                config                             2007     2007        1        0       4
/home/krubro/Desktop/Emertxe/MC-Assignments/AS-12/out/AS-12/default.o
                cinit                                 F        F        6        8       0
                intentry                              4        4        8        8       0
                config                             2007     2007        1        0       4
                text11                              3B7      3B7       23        8       0
                text10                              3F7      3F7        C        8       0
                text9                               403      403        7        8       0
                text8                               3EA      3EA        D        8       0
                text7                               3DA      3DA       10        8       0
                text6                                15       15      1CA        8       0
                text5                               295      295       76        8       0
                text4                               1DF      1DF       B6        8       0
                text3                               40A      40A        4        8       0
                text2                               30B      30B       3F        8       0
                text1                               34A      34A       3B        8       0
                maintext                            385      385       32        8       0
                cstackBANK0                          20       20       31       20       1
                cstackCOMMON                         70       70        A       70       1
                bssCOMMON                            7A       7A        2       70       1

TOTAL           Name                               Link     Load   Length     Space
        CLASS   CODE           
                end_init                              C        C        3         0
                cinit                                 F        F        6         0
                intentry                              4        4        8         0
                reset_vec                             0        0        3         0
                text11                              3B7      3B7       23         0
                text10                              3F7      3F7        C         0
                text9                               403      403        7         0
                text8                               3EA      3EA        D         0
                text7                               3DA      3DA       10         0
                text6                                15       15      1CA         0
                text5                               295      295       76         0
                text4                               1DF      1DF       B6         0
                text3                               40A      40A        4         0
                text2                               30B      30B       3F         0
                text1                               34A      34A       3B         0
                maintext                            385      385       32         0

        CLASS   STRCODE        

        CLASS   STRING         

        CLASS   CONST          

        CLASS   ENTRY          

        CLASS   COMMON         
                cstackCOMMON                         70       70        A         1
                bssCOMMON                            7A       7A        2         1

        CLASS   BANK0          
                cstackBANK0                          20       20       31         1

        CLASS   BANK1          

        CLASS   BANK2          

        CLASS   BANK3          

        CLASS   RAM            

        CLASS   ABS1           
                abs_s1                               7E       7E        2         1

        CLASS   SFR0           

        CLASS   SFR1           

        CLASS   SFR2           

        CLASS   SFR3           

        CLASS   CONFIG         
                config                             2007     2007        1         4

        CLASS   IDLOC          

        CLASS   EEDATA         

        CLASS   HEAP           

        CLASS   STACK          



SEGMENTS        Name                           Load    Length   Top    Selector   Space  Class     Delta

                reset_vec                      000000  000003  000003         0       0  CODE        2
                cstackBANK0                    000020  000031  000051        20       1  BANK0       1
                intentry                       000004  00040A  00040E         8       0  CODE        2
                cstackCOMMON                   000070  00000C  00007C        70       1  COMMON      1


UNUSED ADDRESS RANGES

        Name                Unused          Largest block    Delta
        BANK0            0051-006F             1F           1
        BANK1            00A0-00EF             50           1
        BANK2            0110-016F             60           1
        BANK3            0190-01EF             60           1
        CODE             0003-0003              1           2
                         040E-1FFF            800
        COMMON           007C-007D              2           1
        CONST            0003-0003              1           2
                         040E-1FFF            100
        EEDATA           2100-21FF            100           2
        ENTRY            0003-0003              1           2
                         040E-1FFF            100
        IDLOC            2000-2003              4           2
        RAM              0051-006F             1F           1
                         00A0-00EF             50
                         0110-016F             60
                         0190-01EF             60
        SFR0             0000-001F             20           1
        SFR1             0080-009F             20           1
        SFR2             0100-010F             10           1
        SFR3             0180-018F             10           1
        STRCODE          0003-0003              1           2
                         040E-1FFF           1BF2
        STRING           0003-0003              1           2
                         040E-1FFF            100

                                  Symbol Table

?___fldiv                    cstackBANK0  0026
?___fltol                    cstackBANK0  0040
?___xxtofl                   cstackCOMMON 0072
?_read_adc_channel           cstackCOMMON 0072
_ADCON0                      (abs)        001F
_ADCON1                      (abs)        009F
_ADCS0                       (abs)        00FE
_ADCS1                       (abs)        00FF
_ADCS2                       (abs)        04FE
_ADON                        (abs)        00F8
_ADRESH                      (abs)        001E
_ADRESL                      (abs)        009E
_GIE                         (abs)        005F
_GO_nDONE                    (abs)        00FA
_PEIE                        (abs)        005E
_PSA                         (abs)        040B
_RC2                         (abs)        003A
_T0CS                        (abs)        040D
_TMR0                        (abs)        0001
_TMR0IE                      (abs)        005D
_TMR0IF                      (abs)        005A
_TRISC2                      (abs)        043A
__H__absolute__              __absolute__ 0000
__Habs1                      abs1         0000
__Hbank0                     bank0        0000
__Hbank1                     bank1        0000
__Hbank2                     bank2        0000
__Hbank3                     bank3        0000
__HbssCOMMON                 bssCOMMON    0000
__Hcinit                     cinit        0015
__Hclrtext                   clrtext      0000
__Hcode                      code         0000
__Hcommon                    common       0000
__Hconfig                    config       2008
__HcstackBANK0               cstackBANK0  0000
__HcstackCOMMON              cstackCOMMON 0000
__Heeprom_data               eeprom_data  0000
__Hend_init                  end_init     000F
__Hfunctab                   functab      0000
__Hheap                      heap         0000
__Hinit                      init         000C
__Hintentry                  intentry     000C
__Hmaintext                  maintext     0000
__Hpowerup                   powerup      0000
__Hram                       ram          0000
__Hreset_vec                 reset_vec    0003
__Hsfr0                      sfr0         0000
__Hsfr1                      sfr1         0000
__Hsfr2                      sfr2         0000
__Hsfr3                      sfr3         0000
__Hsivt                      sivt         000C
__Hspace_0                   (abs)        040E
__Hspace_1                   (abs)        007C
__Hspace_2                   (abs)        0000
__Hspace_3                   (abs)        0000
__Hspace_4                   (abs)        400F
__Hstack                     stack        0000
__Hstrings                   strings      0000
__Htext                      text         0000
__L__absolute__              __absolute__ 0000
__Labs1                      abs1         0000
__Lbank0                     bank0        0000
__Lbank1                     bank1        0000
__Lbank2                     bank2        0000
__Lbank3                     bank3        0000
__LbssCOMMON                 bssCOMMON    0000
__Lcinit                     cinit        000F
__Lclrtext                   clrtext      0000
__Lcode                      code         0000
__Lcommon                    common       0000
__Lconfig                    config       0000
__LcstackBANK0               cstackBANK0  0000
__LcstackCOMMON              cstackCOMMON 0000
__Leeprom_data               eeprom_data  0000
__Lend_init                  end_init     000C
__Lfunctab                   functab      0000
__Lheap                      heap         0000
__Linit                      init         000C
__Lintentry                  intentry     0004
__Lmaintext                  maintext     0000
__Lpowerup                   powerup      0000
__Lram                       ram          0000
__Lreset_vec                 reset_vec    0000
__Lsfr0                      sfr0         0000
__Lsfr1                      sfr1         0000
__Lsfr2                      sfr2         0000
__Lsfr3                      sfr3         0000
__Lsivt                      sivt         000C
__Lspace_0                   (abs)        0000
__Lspace_1                   (abs)        0000
__Lspace_2                   (abs)        0000
__Lspace_3                   (abs)        0000
__Lspace_4                   (abs)        0000
__Lstack                     stack        0000
__Lstrings                   strings      0000
__Ltext                      text         0000
__S0                         (abs)        040E
__S1                         (abs)        007C
__S3                         (abs)        0000
___fldiv                     text6        0015
___fldiv@a                   cstackBANK0  0026
___fldiv@aexp                cstackBANK0  003F
___fldiv@b                   cstackBANK0  002A
___fldiv@bexp                cstackBANK0  003E
___fldiv@grs                 cstackBANK0  003A
___fldiv@new_exp             cstackBANK0  0038
___fldiv@rem                 cstackBANK0  0033
___fldiv@sign                cstackBANK0  0037
___fltol                     text5        0295
___fltol@exp1                cstackBANK0  0049
___fltol@f1                  cstackBANK0  0040
___fltol@sign1               cstackBANK0  0048
___heap_hi                   (abs)        0000
___heap_lo                   (abs)        0000
___int_sp                    stack        0000
___int_stack_hi              stack        0000
___int_stack_lo              stack        0000
___latbits                   (abs)        0002
___sp                        stack        0000
___stack_hi                  stack        0000
___stack_lo                  stack        0000
___stackhi                   (abs)        0000
___stacklo                   (abs)        0000
___xxtofl                    text4        01DF
___xxtofl@arg                cstackBANK0  0022
___xxtofl@exp                cstackBANK0  0021
___xxtofl@sign               cstackBANK0  0020
___xxtofl@val                cstackCOMMON 0072
__end_of___fldiv             text6        01DF
__end_of___fltol             text5        030B
__end_of___xxtofl            text4        0295
__end_of__initialization     cinit        0011
__end_of_initADC             text10       0403
__end_of_initConfig          text7        03EA
__end_of_initPWM             text9        040A
__end_of_initTimer0          text8        03F7
__end_of_isr                 text11       03DA
__end_of_main                maintext     03B7
__end_of_pwm_control         text2        034A
__end_of_read_adc_channel    text1        0385
__end_of_set_pwm_duty        text3        040E
__initialization             cinit        000F
__pbssCOMMON                 bssCOMMON    007A
__pcstackBANK0               cstackBANK0  0020
__pcstackCOMMON              cstackCOMMON 0070
__pintentry                  intentry     0004
__pmaintext                  maintext     0385
__ptext1                     text1        034A
__ptext10                    text10       03F7
__ptext11                    text11       03B7
__ptext2                     text2        030B
__ptext3                     text3        040A
__ptext4                     text4        01DF
__ptext5                     text5        0295
__ptext6                     text6        0015
__ptext7                     text7        03DA
__ptext8                     text8        03EA
__ptext9                     text9        0403
_duty_cycle                  bssCOMMON    007B
_initADC                     text10       03F7
_initConfig                  text7        03DA
_initPWM                     text9        0403
_initTimer0                  text8        03EA
_isr                         text11       03B7
_main                        maintext     0385
_pwm_control                 text2        030B
_read_adc_channel            text1        034A
_set_pwm_duty                text3        040A
_timer_cycle                 bssCOMMON    007A
btemp                        (abs)        007E
btemp0                       (abs)        007E
btemp1                       (abs)        007F
end_of_initialization        cinit        0011
interrupt_function           intentry     0004
intlevel0                    functab      0000
intlevel1                    functab      0000
intlevel2                    functab      0000
intlevel3                    functab      0000
intlevel4                    functab      0000
intlevel5                    functab      0000
ltemp0a                      (abs)        0080
main@curr_val                cstackBANK0  004F
main@prev_val                cstackBANK0  004D
pwm_control@adc_val          cstackBANK0  004A
pwm_control@calculated_duty  cstackBANK0  004C
read_adc_channel@adc_reg_val cstackCOMMON 0075
read_adc_channel@channel     cstackCOMMON 0074
reset_vec                    reset_vec    0000
saved_w                      (abs)        007E
set_pwm_duty@duty            cstackCOMMON 0072
start                        init         000C
start_initialization         cinit        000F
ttemp0a                      (abs)        007F
wtemp0                       (abs)        007E
wtemp0a                      (abs)        007F


MODULE INFORMATION

Module		Function		Class		Link	Load	Size
/home/krubro/Desktop/Emertxe/MC-Assignments/AS-12/isr.c
		_isr           		CODE           	03B7	0000	35

/home/krubro/Desktop/Emertxe/MC-Assignments/AS-12/isr.c estimated size: 35

/home/krubro/Desktop/Emertxe/MC-Assignments/AS-12/main.c
		_main          		CODE           	0385	0000	50
		_initConfig    		CODE           	03DA	0000	16

/home/krubro/Desktop/Emertxe/MC-Assignments/AS-12/main.c estimated size: 66

/home/krubro/Desktop/Emertxe/MC-Assignments/AS-12/timer0.c
		_initTimer0    		CODE           	03EA	0000	13

/home/krubro/Desktop/Emertxe/MC-Assignments/AS-12/timer0.c estimated size: 13

shared
		__initialization		CODE           	000F	0000	2

shared estimated size: 2

/opt/microchip/xc8/v3.10/pic/sources/c99/common/fltol.c
		___fltol       		CODE           	0295	0000	118

/opt/microchip/xc8/v3.10/pic/sources/c99/common/fltol.c estimated size: 118

/opt/microchip/xc8/v3.10/pic/sources/c99/common/sprcdiv.c
		___fldiv       		CODE           	0015	0000	458

/opt/microchip/xc8/v3.10/pic/sources/c99/common/sprcdiv.c estimated size: 458

/home/krubro/Desktop/Emertxe/MC-Assignments/AS-12/pwm.c
		_pwm_control   		CODE           	030B	0000	63
		_initPWM       		CODE           	0403	0000	7
		_set_pwm_duty  		CODE           	040A	0000	4

/home/krubro/Desktop/Emertxe/MC-Assignments/AS-12/pwm.c estimated size: 74

/opt/microchip/xc8/v3.10/pic/sources/c99/common/xxtofl.c
		___xxtofl      		CODE           	01DF	0000	182

/opt/microchip/xc8/v3.10/pic/sources/c99/common/xxtofl.c estimated size: 182

/home/krubro/Desktop/Emertxe/MC-Assignments/AS-12/adc.c
		_initADC       		CODE           	03F7	0000	12
		_read_adc_channel		CODE           	034A	0000	59

/home/krubro/Desktop/Emertxe/MC-Assignments/AS-12/adc.c estimated size: 71

