Microchip MPLAB XC8 Compiler V3.10

Linker command line:

-W-3 --edf=/opt/microchip/xc8/v3.10/pic/dat/20250813170317_en.msgs -cn \
  -h+/home/krubro/Desktop/Emertxe/MC-Assignments/AS-11/out/AS-11/production/default-production.sym \
  --cmf=/home/krubro/Desktop/Emertxe/MC-Assignments/AS-11/out/AS-11/production/default-production.cmf \
  -z -Q16F877A -o/tmp/xcXDbeEfe/driver_tmp_3.o --defsym=__MPLAB_BUILD=1 \
  --fixupoverflow=error -Mmem.map --md=/tmp/xcXDbeEfe/driver_tmp_0.dat -E1 \
  -ver=XC8 Compiler -ACODE=00h-07FFhx4 -ASTRCODE=00h-01FFFh \
  -ASTRING=00h-0FFhx32 -ACONST=00h-0FFhx32 -AENTRY=00h-0FFhx32 \
  -ACOMMON=070h-07Fh -ABANK0=020h-06Fh -ABANK1=0A0h-0EFh \
  -ABANK2=0110h-016Fh -ABANK3=0190h-01EFh \
  -ARAM=020h-06Fh,0A0h-0EFh,0110h-016Fh,0190h-01EFh \
  -AABS1=020h-07Fh,0A0h-0EFh,0110h-016Fh,0190h-01EFh -ASFR0=00h-01Fh \
  -ASFR1=080h-09Fh -ASFR2=0100h-010Fh -ASFR3=0180h-018Fh \
  -ACONFIG=02007h-02007h -DCONFIG=2 -AIDLOC=02000h-02003h -DIDLOC=2 \
  -AEEDATA=00h-0FFh/02100h -peeprom_data=EEDATA -DEEDATA=2 -DCODE=2 \
  -DSTRCODE=2 -DSTRING=2 -DCONST=2 -DENTRY=2 \
  -preset_vec=00h,intentry=04h,sivt,init,end_init -ppowerup=CODE \
  -pcinit=CODE -pfunctab=ENTRY -k /tmp/xcXDbeEfe/driver_tmp_10.o \
  /home/krubro/Desktop/Emertxe/MC-Assignments/AS-11/out/AS-11/production/default-production.o 

Object code version is 3.11

Machine type is 16F877A



                Name                               Link     Load   Length Selector   Space Scale
/tmp/xcXDbeEfe/driver_tmp_10.o
                end_init                              C        C        3        8       0
                reset_vec                             0        0        3        0       0
                config                             2007     2007        1        0       4
/home/krubro/Desktop/Emertxe/MC-Assignments/AS-11/out/AS-11/production/default-production.o
                cinit                                 F        F        D        8       0
                intentry                              4        4        8        8       0
                config                             2007     2007        1        0       4
                text5                                A8       A8       24        8       0
                text4                                DD       DD        D        8       0
                text3                                EA       EA        9        8       0
                text2                                CC       CC       11        8       0
                text1                                65       65       43        8       0
                maintext                             1C       1C       49        8       0
                cstackCOMMON                         70       70        A       70       1
                dataCOMMON                           7D       7D        1       70       1
                bssCOMMON                            7A       7A        3       70       1
                idataCOMMON                          F3       F3        1        8       0

TOTAL           Name                               Link     Load   Length     Space
        CLASS   CODE           
                end_init                              C        C        3         0
                cinit                                 F        F        D         0
                intentry                              4        4        8         0
                reset_vec                             0        0        3         0
                text5                                A8       A8       24         0
                text4                                DD       DD        D         0
                text3                                EA       EA        9         0
                text2                                CC       CC       11         0
                text1                                65       65       43         0
                maintext                             1C       1C       49         0
                idataCOMMON                          F3       F3        1         0

        CLASS   STRCODE        

        CLASS   STRING         

        CLASS   CONST          

        CLASS   ENTRY          

        CLASS   COMMON         
                cstackCOMMON                         70       70        A         1
                dataCOMMON                           7D       7D        1         1
                bssCOMMON                            7A       7A        3         1

        CLASS   BANK0          

        CLASS   BANK1          

        CLASS   BANK2          

        CLASS   BANK3          

        CLASS   RAM            

        CLASS   ABS1           
                abs_s1                               7E       7E        2         1

        CLASS   SFR0           

        CLASS   SFR1           

        CLASS   SFR2           

        CLASS   SFR3           

        CLASS   CONFIG         
                config                             2007     2007        1         4

        CLASS   IDLOC          

        CLASS   EEDATA         

        CLASS   HEAP           

        CLASS   STACK          



SEGMENTS        Name                           Load    Length   Top    Selector   Space  Class     Delta

                reset_vec                      000000  000003  000003         0       0  CODE        2
                intentry                       000004  0000F0  0000F4         8       0  CODE        2
                cstackCOMMON                   000070  00000E  00007E        70       1  COMMON      1


UNUSED ADDRESS RANGES

        Name                Unused          Largest block    Delta
        BANK0            0020-006F             50           1
        BANK1            00A0-00EF             50           1
        BANK2            0110-016F             60           1
        BANK3            0190-01EF             60           1
        CODE             0003-0003              1           2
                         00F4-1FFF            800
        CONST            0003-0003              1           2
                         00F4-1FFF            100
        EEDATA           2100-21FF            100           2
        ENTRY            0003-0003              1           2
                         00F4-1FFF            100
        IDLOC            2000-2003              4           2
        RAM              0020-006F             50           1
                         00A0-00EF             50
                         0110-016F             60
                         0190-01EF             60
        SFR0             0000-001F             20           1
        SFR1             0080-009F             20           1
        SFR2             0100-010F             10           1
        SFR3             0180-018F             10           1
        STRCODE          0003-0003              1           2
                         00F4-1FFF           1F0C
        STRING           0003-0003              1           2
                         00F4-1FFF            100

                                  Symbol Table

_GIE                               (abs)        005F
_PEIE                              (abs)        005E
_PORTB                             (abs)        0006
_PSA                               (abs)        040B
_RD0                               (abs)        0040
_T0CS                              (abs)        040D
_TMR0                              (abs)        0001
_TMR0IE                            (abs)        005D
_TMR0IF                            (abs)        005A
_TRISB                             (abs)        0086
_TRISD0                            (abs)        0440
__H__absolute__                    __absolute__ 0000
__Habs1                            abs1         0000
__Hbank0                           bank0        0000
__Hbank1                           bank1        0000
__Hbank2                           bank2        0000
__Hbank3                           bank3        0000
__HbssCOMMON                       bssCOMMON    0000
__Hcinit                           cinit        001C
__Hclrtext                         clrtext      0000
__Hcode                            code         0000
__Hcommon                          common       0000
__Hconfig                          config       2008
__HcstackCOMMON                    cstackCOMMON 0000
__HdataCOMMON                      dataCOMMON   0000
__Heeprom_data                     eeprom_data  0000
__Hend_init                        end_init     000F
__Hfunctab                         functab      0000
__Hheap                            heap         0000
__HidataCOMMON                     idataCOMMON  0000
__Hinit                            init         000C
__Hintentry                        intentry     000C
__Hmaintext                        maintext     0000
__Hpowerup                         powerup      0000
__Hram                             ram          0000
__Hreset_vec                       reset_vec    0003
__Hsfr0                            sfr0         0000
__Hsfr1                            sfr1         0000
__Hsfr2                            sfr2         0000
__Hsfr3                            sfr3         0000
__Hsivt                            sivt         000C
__Hspace_0                         (abs)        00F4
__Hspace_1                         (abs)        007E
__Hspace_2                         (abs)        0000
__Hspace_3                         (abs)        0000
__Hspace_4                         (abs)        400F
__Hstack                           stack        0000
__Hstrings                         strings      0000
__Htext                            text         0000
__L__absolute__                    __absolute__ 0000
__Labs1                            abs1         0000
__Lbank0                           bank0        0000
__Lbank1                           bank1        0000
__Lbank2                           bank2        0000
__Lbank3                           bank3        0000
__LbssCOMMON                       bssCOMMON    0000
__Lcinit                           cinit        000F
__Lclrtext                         clrtext      0000
__Lcode                            code         0000
__Lcommon                          common       0000
__Lconfig                          config       0000
__LcstackCOMMON                    cstackCOMMON 0000
__LdataCOMMON                      dataCOMMON   0000
__Leeprom_data                     eeprom_data  0000
__Lend_init                        end_init     000C
__Lfunctab                         functab      0000
__Lheap                            heap         0000
__LidataCOMMON                     idataCOMMON  0000
__Linit                            init         000C
__Lintentry                        intentry     0004
__Lmaintext                        maintext     0000
__Lpowerup                         powerup      0000
__Lram                             ram          0000
__Lreset_vec                       reset_vec    0000
__Lsfr0                            sfr0         0000
__Lsfr1                            sfr1         0000
__Lsfr2                            sfr2         0000
__Lsfr3                            sfr3         0000
__Lsivt                            sivt         000C
__Lspace_0                         (abs)        0000
__Lspace_1                         (abs)        0000
__Lspace_2                         (abs)        0000
__Lspace_3                         (abs)        0000
__Lspace_4                         (abs)        0000
__Lstack                           stack        0000
__Lstrings                         strings      0000
__Ltext                            text         0000
__S0                               (abs)        00F4
__S1                               (abs)        007E
__S3                               (abs)        0000
___heap_hi                         (abs)        0000
___heap_lo                         (abs)        0000
___int_sp                          stack        0000
___int_stack_hi                    stack        0000
___int_stack_lo                    stack        0000
___latbits                         (abs)        0002
___sp                              stack        0000
___stack_hi                        stack        0000
___stack_lo                        stack        0000
___stackhi                         (abs)        0000
___stacklo                         (abs)        0000
__end_of__initialization           cinit        0018
__end_of_initConfig                text2        00DD
__end_of_initTimer0                text4        00EA
__end_of_init_keypad               text3        00F3
__end_of_isr                       text5        00CC
__end_of_main                      maintext     0065
__end_of_read_digital_keypad       text1        00A8
__initialization                   cinit        000F
__pbssCOMMON                       bssCOMMON    007A
__pcstackCOMMON                    cstackCOMMON 0070
__pdataCOMMON                      dataCOMMON   007D
__pidataCOMMON                     idataCOMMON  00F3
__pintentry                        intentry     0004
__pmaintext                        maintext     001C
__ptext1                           text1        0065
__ptext2                           text2        00CC
__ptext3                           text3        00EA
__ptext4                           text4        00DD
__ptext5                           text5        00A8
_count                             bssCOMMON    007A
_initConfig                        text2        00CC
_initTimer0                        text4        00DD
_init_keypad                       text3        00EA
_isr                               text5        00A8
_main                              maintext     001C
_read_digital_keypad               text1        0065
_second                            bssCOMMON    007C
btemp                              (abs)        007E
btemp0                             (abs)        007E
btemp1                             (abs)        007F
end_of_initialization              cinit        0018
interrupt_function                 intentry     0004
intlevel0                          functab      0000
intlevel1                          functab      0000
intlevel2                          functab      0000
intlevel3                          functab      0000
intlevel4                          functab      0000
intlevel5                          functab      0000
ltemp0a                            (abs)        0080
main@delay                         cstackCOMMON 0077
main@duty_cycle                    cstackCOMMON 0078
main@key                           cstackCOMMON 0076
main@period                        cstackCOMMON 0075
main@program_cycle                 cstackCOMMON 0079
read_digital_keypad@isOn           dataCOMMON   007D
read_digital_keypad@trigger_method cstackCOMMON 0074
reset_vec                          reset_vec    0000
saved_w                            (abs)        007E
start                              init         000C
start_initialization               cinit        000F
ttemp0a                            (abs)        007F
wtemp0                             (abs)        007E
wtemp0a                            (abs)        007F


MODULE INFORMATION

Module		Function		Class		Link	Load	Size
/home/krubro/Desktop/Emertxe/MC-Assignments/AS-11/timer0.c
		_initTimer0    		CODE           	00DD	0000	13

/home/krubro/Desktop/Emertxe/MC-Assignments/AS-11/timer0.c estimated size: 13

/home/krubro/Desktop/Emertxe/MC-Assignments/AS-11/digital_keypad.c
		_init_keypad   		CODE           	00EA	0000	9
		_read_digital_keypad		CODE           	0065	0000	67

/home/krubro/Desktop/Emertxe/MC-Assignments/AS-11/digital_keypad.c estimated size: 76

/home/krubro/Desktop/Emertxe/MC-Assignments/AS-11/isr.c
		_isr           		CODE           	00A8	0000	36

/home/krubro/Desktop/Emertxe/MC-Assignments/AS-11/isr.c estimated size: 36

/home/krubro/Desktop/Emertxe/MC-Assignments/AS-11/main.c
		_main          		CODE           	001C	0000	73
		_initConfig    		CODE           	00CC	0000	17

/home/krubro/Desktop/Emertxe/MC-Assignments/AS-11/main.c estimated size: 90

shared
		__initialization		CODE           	000F	0000	9

shared estimated size: 9

