Microchip MPLAB XC8 Compiler V3.10

Linker command line:

-W-3 --edf=/opt/microchip/xc8/v3.10/pic/dat/20250813170317_en.msgs -cn \
  -h+/home/krubro/Desktop/Emertxe/MC-Assignments/AS-07/out/AS-07/production/default-production.sym \
  --cmf=/home/krubro/Desktop/Emertxe/MC-Assignments/AS-07/out/AS-07/production/default-production.cmf \
  -z -Q16F877A -o/tmp/xcXGkDPhC/driver_tmp_3.o --defsym=__MPLAB_BUILD=1 \
  --fixupoverflow=error -Mmem.map --md=/tmp/xcXGkDPhC/driver_tmp_0.dat -E1 \
  -ver=XC8 Compiler -ACODE=00h-07FFhx4 -ASTRCODE=00h-01FFFh \
  -ASTRING=00h-0FFhx32 -ACONST=00h-0FFhx32 -AENTRY=00h-0FFhx32 \
  -ACOMMON=070h-07Fh -ABANK0=020h-06Fh -ABANK1=0A0h-0EFh \
  -ABANK2=0110h-016Fh -ABANK3=0190h-01EFh \
  -ARAM=020h-06Fh,0A0h-0EFh,0110h-016Fh,0190h-01EFh \
  -AABS1=020h-07Fh,0A0h-0EFh,0110h-016Fh,0190h-01EFh -ASFR0=00h-01Fh \
  -ASFR1=080h-09Fh -ASFR2=0100h-010Fh -ASFR3=0180h-018Fh \
  -ACONFIG=02007h-02007h -DCONFIG=2 -AIDLOC=02000h-02003h -DIDLOC=2 \
  -AEEDATA=00h-0FFh/02100h -peeprom_data=EEDATA -DEEDATA=2 -DCODE=2 \
  -DSTRCODE=2 -DSTRING=2 -DCONST=2 -DENTRY=2 \
  -preset_vec=00h,intentry=04h,sivt,init,end_init -ppowerup=CODE \
  -pcinit=CODE -pfunctab=ENTRY -k /tmp/xcXGkDPhC/driver_tmp_10.o \
  /home/krubro/Desktop/Emertxe/MC-Assignments/AS-07/out/AS-07/production/default-production.o 

Object code version is 3.11

Machine type is 16F877A



                Name                               Link     Load   Length Selector   Space Scale
/tmp/xcXGkDPhC/driver_tmp_10.o
                end_init                              C        C        3        8       0
                reset_vec                             0        0        3        0       0
                config                             2007     2007        1        0       4
/home/krubro/Desktop/Emertxe/MC-Assignments/AS-07/out/AS-07/production/default-production.o
                cinit                                 F        F        A        8       0
                intentry                              4        4        8        8       0
                config                             2007     2007        1        0       4
                text5                                19       19       60        8       0
                text4                                B5       B5        D        8       0
                text3                                93       93       12        8       0
                text2                                A5       A5       10        8       0
                text1                                79       79       1A        8       0
                maintext                             C2       C2        9        8       0
                cstackCOMMON                         76       76        4       70       1
                bssCOMMON                            70       70        6       70       1

TOTAL           Name                               Link     Load   Length     Space
        CLASS   CODE           
                end_init                              C        C        3         0
                cinit                                 F        F        A         0
                intentry                              4        4        8         0
                reset_vec                             0        0        3         0
                text5                                19       19       60         0
                text4                                B5       B5        D         0
                text3                                93       93       12         0
                text2                                A5       A5       10         0
                text1                                79       79       1A         0
                maintext                             C2       C2        9         0

        CLASS   STRCODE        

        CLASS   STRING         

        CLASS   CONST          

        CLASS   ENTRY          

        CLASS   COMMON         
                cstackCOMMON                         76       76        4         1
                bssCOMMON                            70       70        6         1

        CLASS   BANK0          

        CLASS   BANK1          

        CLASS   BANK2          

        CLASS   BANK3          

        CLASS   RAM            

        CLASS   ABS1           
                abs_s1                               7E       7E        2         1

        CLASS   SFR0           

        CLASS   SFR1           

        CLASS   SFR2           

        CLASS   SFR3           

        CLASS   CONFIG         
                config                             2007     2007        1         4

        CLASS   IDLOC          

        CLASS   EEDATA         

        CLASS   HEAP           

        CLASS   STACK          



SEGMENTS        Name                           Load    Length   Top    Selector   Space  Class     Delta

                reset_vec                      000000  000003  000003         0       0  CODE        2
                intentry                       000004  0000C7  0000CB         8       0  CODE        2
                bssCOMMON                      000070  00000A  00007A        70       1  COMMON      1


UNUSED ADDRESS RANGES

        Name                Unused          Largest block    Delta
        BANK0            0020-006F             50           1
        BANK1            00A0-00EF             50           1
        BANK2            0110-016F             60           1
        BANK3            0190-01EF             60           1
        CODE             0003-0003              1           2
                         00CB-1FFF            800
        COMMON           007A-007D              4           1
        CONST            0003-0003              1           2
                         00CB-1FFF            100
        EEDATA           2100-21FF            100           2
        ENTRY            0003-0003              1           2
                         00CB-1FFF            100
        IDLOC            2000-2003              4           2
        RAM              0020-006F             50           1
                         00A0-00EF             50
                         0110-016F             60
                         0190-01EF             60
        SFR0             0000-001F             20           1
        SFR1             0080-009F             20           1
        SFR2             0100-010F             10           1
        SFR3             0180-018F             10           1
        STRCODE          0003-0003              1           2
                         00CB-1FFF           1F35
        STRING           0003-0003              1           2
                         00CB-1FFF            100

                                  Symbol Table

_GIE                     (abs)        005F
_PEIE                    (abs)        005E
_PORTD                   (abs)        0008
_PR2                     (abs)        0092
_PSA                     (abs)        040B
_RD0                     (abs)        0040
_RD1                     (abs)        0041
_RD2                     (abs)        0042
_T0CS                    (abs)        040D
_T1CKPS0                 (abs)        0084
_T1CKPS1                 (abs)        0085
_T1OSCEN                 (abs)        0083
_T2CKPS0                 (abs)        0090
_T2CKPS1                 (abs)        0091
_TMR0                    (abs)        0001
_TMR0IE                  (abs)        005D
_TMR0IF                  (abs)        005A
_TMR1                    (abs)        000E
_TMR1CS                  (abs)        0081
_TMR1IE                  (abs)        0460
_TMR1IF                  (abs)        0060
_TMR1ON                  (abs)        0080
_TMR2IE                  (abs)        0461
_TMR2IF                  (abs)        0061
_TMR2ON                  (abs)        0092
_TRISD                   (abs)        0088
__H__absolute__          __absolute__ 0000
__Habs1                  abs1         0000
__Hbank0                 bank0        0000
__Hbank1                 bank1        0000
__Hbank2                 bank2        0000
__Hbank3                 bank3        0000
__HbssCOMMON             bssCOMMON    0000
__Hcinit                 cinit        0019
__Hclrtext               clrtext      0000
__Hcode                  code         0000
__Hcommon                common       0000
__Hconfig                config       2008
__HcstackCOMMON          cstackCOMMON 0000
__Heeprom_data           eeprom_data  0000
__Hend_init              end_init     000F
__Hfunctab               functab      0000
__Hheap                  heap         0000
__Hinit                  init         000C
__Hintentry              intentry     000C
__Hmaintext              maintext     0000
__Hpowerup               powerup      0000
__Hram                   ram          0000
__Hreset_vec             reset_vec    0003
__Hsfr0                  sfr0         0000
__Hsfr1                  sfr1         0000
__Hsfr2                  sfr2         0000
__Hsfr3                  sfr3         0000
__Hsivt                  sivt         000C
__Hspace_0               (abs)        00CB
__Hspace_1               (abs)        007A
__Hspace_2               (abs)        0000
__Hspace_3               (abs)        0000
__Hspace_4               (abs)        400F
__Hstack                 stack        0000
__Hstrings               strings      0000
__Htext                  text         0000
__L__absolute__          __absolute__ 0000
__Labs1                  abs1         0000
__Lbank0                 bank0        0000
__Lbank1                 bank1        0000
__Lbank2                 bank2        0000
__Lbank3                 bank3        0000
__LbssCOMMON             bssCOMMON    0000
__Lcinit                 cinit        000F
__Lclrtext               clrtext      0000
__Lcode                  code         0000
__Lcommon                common       0000
__Lconfig                config       0000
__LcstackCOMMON          cstackCOMMON 0000
__Leeprom_data           eeprom_data  0000
__Lend_init              end_init     000C
__Lfunctab               functab      0000
__Lheap                  heap         0000
__Linit                  init         000C
__Lintentry              intentry     0004
__Lmaintext              maintext     0000
__Lpowerup               powerup      0000
__Lram                   ram          0000
__Lreset_vec             reset_vec    0000
__Lsfr0                  sfr0         0000
__Lsfr1                  sfr1         0000
__Lsfr2                  sfr2         0000
__Lsfr3                  sfr3         0000
__Lsivt                  sivt         000C
__Lspace_0               (abs)        0000
__Lspace_1               (abs)        0000
__Lspace_2               (abs)        0000
__Lspace_3               (abs)        0000
__Lspace_4               (abs)        0000
__Lstack                 stack        0000
__Lstrings               strings      0000
__Ltext                  text         0000
__S0                     (abs)        00CB
__S1                     (abs)        007A
__S3                     (abs)        0000
___heap_hi               (abs)        0000
___heap_lo               (abs)        0000
___int_sp                stack        0000
___int_stack_hi          stack        0000
___int_stack_lo          stack        0000
___latbits               (abs)        0002
___sp                    stack        0000
___stack_hi              stack        0000
___stack_lo              stack        0000
___stackhi               (abs)        0000
___stacklo               (abs)        0000
__end_of__initialization cinit        0015
__end_of_initConfig      text1        0093
__end_of_initTimer0      text4        00C2
__end_of_initTimer1      text3        00A5
__end_of_initTimer2      text2        00B5
__end_of_isr             text5        0079
__end_of_main            maintext     00CB
__initialization         cinit        000F
__pbssCOMMON             bssCOMMON    0070
__pcstackCOMMON          cstackCOMMON 0076
__pintentry              intentry     0004
__pmaintext              maintext     00C2
__ptext1                 text1        0079
__ptext2                 text2        00A5
__ptext3                 text3        0093
__ptext4                 text4        00B5
__ptext5                 text5        0019
_initConfig              text1        0079
_initTimer0              text4        00B5
_initTimer1              text3        0093
_initTimer2              text2        00A5
_isr                     text5        0019
_main                    maintext     00C2
btemp                    (abs)        007E
btemp0                   (abs)        007E
btemp1                   (abs)        007F
end_of_initialization    cinit        0015
interrupt_function       intentry     0004
intlevel0                functab      0000
intlevel1                functab      0000
intlevel2                functab      0000
intlevel3                functab      0000
intlevel4                functab      0000
intlevel5                functab      0000
isr@count                bssCOMMON    0074
isr@count1               bssCOMMON    0072
isr@count2               bssCOMMON    0070
ltemp0a                  (abs)        0080
reset_vec                reset_vec    0000
saved_w                  (abs)        007E
start                    init         000C
start_initialization     cinit        000F
ttemp0a                  (abs)        007F
wtemp0                   (abs)        007E
wtemp0a                  (abs)        007F


MODULE INFORMATION

Module		Function		Class		Link	Load	Size
/home/krubro/Desktop/Emertxe/MC-Assignments/AS-07/timer1.c
		_initTimer1    		CODE           	0093	0000	18

/home/krubro/Desktop/Emertxe/MC-Assignments/AS-07/timer1.c estimated size: 18

/home/krubro/Desktop/Emertxe/MC-Assignments/AS-07/main.c
		_main          		CODE           	00C2	0000	9
		_initConfig    		CODE           	0079	0000	26

/home/krubro/Desktop/Emertxe/MC-Assignments/AS-07/main.c estimated size: 35

/home/krubro/Desktop/Emertxe/MC-Assignments/AS-07/timer2.c
		_initTimer2    		CODE           	00A5	0000	16

/home/krubro/Desktop/Emertxe/MC-Assignments/AS-07/timer2.c estimated size: 16

/home/krubro/Desktop/Emertxe/MC-Assignments/AS-07/timer0.c
		_initTimer0    		CODE           	00B5	0000	13

/home/krubro/Desktop/Emertxe/MC-Assignments/AS-07/timer0.c estimated size: 13

shared
		__initialization		CODE           	000F	0000	6

shared estimated size: 6

/home/krubro/Desktop/Emertxe/MC-Assignments/AS-07/isr.c
		_isr           		CODE           	0019	0000	96

/home/krubro/Desktop/Emertxe/MC-Assignments/AS-07/isr.c estimated size: 96

