Microchip MPLAB XC8 Compiler V3.10

Linker command line:

-W-3 \
  --edf=/home/krubro/.mchp_packs/Microchip/PIC16Fxxx_DFP/1.8.167/xc8/pic/dat/20260422061002_en.msgs \
  -cn \
  -h+/home/krubro/Desktop/Emertxe/MC-Assignments/AS-15/out/AS-15/production/default-production.sym \
  --cmf=/home/krubro/Desktop/Emertxe/MC-Assignments/AS-15/out/AS-15/production/default-production.cmf \
  -z -Q16F877A -o/tmp/xcXcjcbPl/driver_tmp_3.o --defsym=__MPLAB_BUILD=1 \
  --fixupoverflow=error -Mmem.map --md=/tmp/xcXcjcbPl/driver_tmp_0.dat -E1 \
  -ver=XC8 Compiler -ACODE=00h-07FFhx4 -ASTRCODE=00h-01FFFh \
  -ASTRING=00h-0FFhx32 -ACONST=00h-0FFhx32 -AENTRY=00h-0FFhx32 \
  -ACOMMON=070h-07Fh -ABANK0=020h-06Fh -ABANK1=0A0h-0EFh \
  -ABANK2=0110h-016Fh -ABANK3=0190h-01EFh \
  -ARAM=020h-06Fh,0A0h-0EFh,0110h-016Fh,0190h-01EFh \
  -AABS1=020h-07Fh,0A0h-0EFh,0110h-016Fh,0190h-01EFh -ASFR0=00h-01Fh \
  -ASFR1=080h-09Fh -ASFR2=0100h-010Fh -ASFR3=0180h-018Fh \
  -ACONFIG=02007h-02007h -DCONFIG=2 -AIDLOC=02000h-02003h -DIDLOC=2 \
  -AEEDATA=00h-0FFh/02100h -peeprom_data=EEDATA -DEEDATA=2 -DCODE=2 \
  -DSTRCODE=2 -DSTRING=2 -DCONST=2 -DENTRY=2 \
  -preset_vec=00h,intentry,sivt,init,end_init -ppowerup=CODE -pcinit=CODE \
  -pfunctab=ENTRY -k /tmp/xcXcjcbPl/driver_tmp_12.o \
  /home/krubro/Desktop/Emertxe/MC-Assignments/AS-15/out/AS-15/production/default-production.o 

Object code version is 3.11

Machine type is 16F877A



                Name                               Link     Load   Length Selector   Space Scale
/tmp/xcXcjcbPl/driver_tmp_12.o
                end_init                              0        0        3        0       0
                config                             2007     2007        1        0       4
/home/krubro/Desktop/Emertxe/MC-Assignments/AS-15/out/AS-15/production/default-production.o
                cinit                               7E8      7E8       18      FD0       0
                config                             2007     2007        1        0       4
                text9                               654      654       42      CA8       0
                text8                               5E2      5E2       38      BC4       0
                text7                               61A      61A       3A      C34       0
                text6                               5A2      5A2       15      B44       0
                text5                               5B7      5B7       2B      B6E       0
                text4                               564      564        7      AC8       0
                text3                               580      580        F      B00       0
                text2                               575      575        B      AEA       0
                text1                               696      696       4B      D2C       0
                maintext                            6E1      6E1      107      DC2       0
                cstackBANK0                          20       20       18       20       1
                cstackCOMMON                         70       70        C       70       1
                inittext                            58F      58F       13      B1E       0
                dataBANK0                            38       38        A       20       1
                dataCOMMON                           7C       7C        1       70       1
                idataBANK0                          56B      56B        A      AD6       0
                idataCOMMON                         563      563        1      AC6       0

TOTAL           Name                               Link     Load   Length     Space
        CLASS   CODE           
                end_init                              0        0        3         0
                cinit                               7E8      7E8       18         0
                text9                               654      654       42         0
                text8                               5E2      5E2       38         0
                text7                               61A      61A       3A         0
                text6                               5A2      5A2       15         0
                text5                               5B7      5B7       2B         0
                text4                               564      564        7         0
                text3                               580      580        F         0
                text2                               575      575        B         0
                text1                               696      696       4B         0
                maintext                            6E1      6E1      107         0
                inittext                            58F      58F       13         0
                idataBANK0                          56B      56B        A         0
                idataCOMMON                         563      563        1         0

        CLASS   STRCODE        

        CLASS   STRING         

        CLASS   CONST          

        CLASS   ENTRY          

        CLASS   COMMON         
                cstackCOMMON                         70       70        C         1
                dataCOMMON                           7C       7C        1         1

        CLASS   BANK0          
                cstackBANK0                          20       20       18         1
                dataBANK0                            38       38        A         1

        CLASS   BANK1          

        CLASS   BANK2          

        CLASS   BANK3          

        CLASS   RAM            

        CLASS   ABS1           
                abs_s1                               7E       7E        2         1

        CLASS   SFR0           

        CLASS   SFR1           

        CLASS   SFR2           

        CLASS   SFR3           

        CLASS   CONFIG         
                config                             2007     2007        1         4

        CLASS   IDLOC          

        CLASS   EEDATA         

        CLASS   HEAP           

        CLASS   STACK          



SEGMENTS        Name                           Load    Length   Top    Selector   Space  Class     Delta

                text3                          000580  00000F  00058F       B00       0  CODE        2
                text6                          0005A2  000015  0005B7       B44       0  CODE        2
                inittext                       00058F  000013  0005A2       B1E       0  CODE        2
                reset_vec                      000000  000003  000003         0       0  CODE        2
                text2                          000575  00000B  000580       AEA       0  CODE        2
                text5                          0005B7  00002B  0005E2       B6E       0  CODE        2
                text8                          0005E2  000038  00061A       BC4       0  CODE        2
                text4                          000564  000007  00056B       AC8       0  CODE        2
                idataCOMMON                    000563  000001  000564       AC6       0  CODE        2
                idataBANK0                     00056B  00000A  000575       AD6       0  CODE        2
                text7                          00061A  00003A  000654       C34       0  CODE        2
                cstackBANK0                    000020  000022  000042        20       1  BANK0       1
                cinit                          0007E8  000018  000800       FD0       0  CODE        2
                cstackCOMMON                   000070  00000D  00007D        70       1  COMMON      1
                text1                          000696  00004B  0006E1       D2C       0  CODE        2
                text9                          000654  000042  000696       CA8       0  CODE        2
                maintext                       0006E1  000107  0007E8       DC2       0  CODE        2


UNUSED ADDRESS RANGES

        Name                Unused          Largest block    Delta
        BANK0            0042-006F             2E           1
        BANK1            00A0-00EF             50           1
        BANK2            0110-016F             60           1
        BANK3            0190-01EF             60           1
        CODE             0003-0562            560           2
                         0800-1FFF            800
        COMMON           007D-007D              1           1
        CONST            0003-0562            100           2
                         0800-1FFF            100
        EEDATA           2100-21FF            100           2
        ENTRY            0003-0562            100           2
                         0800-1FFF            100
        IDLOC            2000-2003              4           2
        RAM              0042-006F             2E           1
                         00A0-00EF             50
                         0110-016F             60
                         0190-01EF             60
        SFR0             0000-001F             20           1
        SFR1             0080-009F             20           1
        SFR2             0100-010F             10           1
        SFR3             0180-018F             10           1
        STRCODE          0003-0562            560           2
                         0800-1FFF           1800
        STRING           0003-0562            100           2
                         0800-1FFF            100

                                  Symbol Table

?___lwdiv                          cstackCOMMON 0070
?___lwmod                          cstackCOMMON 0077
_EEADR                             (abs)        010D
_EECON1                            (abs)        018C
_EECON1bits                        (abs)        018C
_EECON2                            (abs)        018D
_EEDATA                            (abs)        010C
_INTCONbits                        (abs)        000B
_PORTA                             (abs)        0005
_PORTB                             (abs)        0006
_PORTD                             (abs)        0008
_RB2                               (abs)        0032
_STATUSbits                        (abs)        0003
_TRISA                             (abs)        0085
_TRISB2                            (abs)        0432
_TRISD                             (abs)        0088
__H__absolute__                    __absolute__ 0000
__Habs1                            abs1         0000
__Hbank0                           bank0        0000
__Hbank1                           bank1        0000
__Hbank2                           bank2        0000
__Hbank3                           bank3        0000
__Hcinit                           cinit        0800
__Hclrtext                         clrtext      0000
__Hcode                            code         0000
__Hcommon                          common       0000
__Hconfig                          config       2008
__HcstackBANK0                     cstackBANK0  0000
__HcstackCOMMON                    cstackCOMMON 0000
__HdataBANK0                       dataBANK0    0000
__HdataCOMMON                      dataCOMMON   0000
__Heeprom_data                     eeprom_data  0000
__Hend_init                        end_init     0003
__Hfunctab                         functab      0000
__Hheap                            heap         0000
__HidataBANK0                      idataBANK0   0000
__HidataCOMMON                     idataCOMMON  0000
__Hinit                            init         0000
__Hinittext                        inittext     0000
__Hintentry                        intentry     0000
__Hmaintext                        maintext     0000
__Hpowerup                         powerup      0000
__Hram                             ram          0000
__Hreset_vec                       reset_vec    0000
__Hsfr0                            sfr0         0000
__Hsfr1                            sfr1         0000
__Hsfr2                            sfr2         0000
__Hsfr3                            sfr3         0000
__Hsivt                            sivt         0000
__Hspace_0                         (abs)        0800
__Hspace_1                         (abs)        007D
__Hspace_2                         (abs)        0000
__Hspace_3                         (abs)        0000
__Hspace_4                         (abs)        400F
__Hstack                           stack        0000
__Hstrings                         strings      0000
__Htext                            text         0000
__L__absolute__                    __absolute__ 0000
__Labs1                            abs1         0000
__Lbank0                           bank0        0000
__Lbank1                           bank1        0000
__Lbank2                           bank2        0000
__Lbank3                           bank3        0000
__Lcinit                           cinit        07E8
__Lclrtext                         clrtext      0000
__Lcode                            code         0000
__Lcommon                          common       0000
__Lconfig                          config       0000
__LcstackBANK0                     cstackBANK0  0000
__LcstackCOMMON                    cstackCOMMON 0000
__LdataBANK0                       dataBANK0    0000
__LdataCOMMON                      dataCOMMON   0000
__Leeprom_data                     eeprom_data  0000
__Lend_init                        end_init     0000
__Lfunctab                         functab      0000
__Lheap                            heap         0000
__LidataBANK0                      idataBANK0   0000
__LidataCOMMON                     idataCOMMON  0000
__Linit                            init         0000
__Linittext                        inittext     0000
__Lintentry                        intentry     0000
__Lmaintext                        maintext     0000
__Lpowerup                         powerup      0000
__Lram                             ram          0000
__Lreset_vec                       reset_vec    0000
__Lsfr0                            sfr0         0000
__Lsfr1                            sfr1         0000
__Lsfr2                            sfr2         0000
__Lsfr3                            sfr3         0000
__Lsivt                            sivt         0000
__Lspace_0                         (abs)        0000
__Lspace_1                         (abs)        0000
__Lspace_2                         (abs)        0000
__Lspace_3                         (abs)        0000
__Lspace_4                         (abs)        0000
__Lstack                           stack        0000
__Lstrings                         strings      0000
__Ltext                            text         0000
__S0                               (abs)        0800
__S1                               (abs)        007D
__S3                               (abs)        0000
___heap_hi                         (abs)        0000
___heap_lo                         (abs)        0000
___int_sp                          stack        0000
___int_stack_hi                    stack        0000
___int_stack_lo                    stack        0000
___latbits                         (abs)        0002
___lwdiv                           text9        0654
___lwdiv@counter                   cstackCOMMON 0076
___lwdiv@dividend                  cstackCOMMON 0072
___lwdiv@divisor                   cstackCOMMON 0070
___lwdiv@quotient                  cstackCOMMON 0074
___lwmod                           text8        05E2
___lwmod@counter                   cstackCOMMON 007B
___lwmod@dividend                  cstackCOMMON 0079
___lwmod@divisor                   cstackCOMMON 0077
___sp                              stack        0000
___stack_hi                        stack        0000
___stack_lo                        stack        0000
___stackhi                         (abs)        0000
___stacklo                         (abs)        0000
__end_of___lwdiv                   text9        0696
__end_of___lwmod                   text8        061A
__end_of__initialization           cinit        07FC
__end_of_display                   text7        0654
__end_of_eeprom_read               text6        05B7
__end_of_eeprom_write              text5        05E2
__end_of_init_Config               text2        0580
__end_of_init_digital_keypad       text4        056B
__end_of_main                      maintext     07E8
__end_of_read_digital_keypad       text1        06E1
__end_of_ssdInit                   text3        058F
__initialization                   cinit        07E8
__pcstackBANK0                     cstackBANK0  0020
__pcstackCOMMON                    cstackCOMMON 0070
__pdataBANK0                       dataBANK0    0038
__pdataCOMMON                      dataCOMMON   007C
__pidataBANK0                      idataBANK0   056B
__pidataCOMMON                     idataCOMMON  0563
__pmaintext                        maintext     06E1
__ptext1                           text1        0696
__ptext2                           text2        0575
__ptext3                           text3        0580
__ptext4                           text4        0564
__ptext5                           text5        05B7
__ptext6                           text6        05A2
__ptext7                           text7        061A
__ptext8                           text8        05E2
__ptext9                           text9        0654
_display                           text7        061A
_eeprom_read                       text6        05A2
_eeprom_write                      text5        05B7
_init_Config                       text2        0575
_init_digital_keypad               text4        0564
_main                              maintext     06E1
_read_digital_keypad               text1        0696
_ssdInit                           text3        0580
btemp                              (abs)        007E
btemp0                             (abs)        007E
btemp1                             (abs)        007F
display@i                          cstackCOMMON 0074
display@j                          cstackCOMMON 0072
display@ssd                        cstackCOMMON 0070
eeprom_read@addr                   cstackCOMMON 0070
eeprom_write@addr                  cstackCOMMON 0071
eeprom_write@value                 cstackCOMMON 0070
end_of_initialization              cinit        07FC
init_fetch0                        inittext     058F
init_ram0                          inittext     0593
intlevel0                          functab      0000
intlevel1                          functab      0000
intlevel2                          functab      0000
intlevel3                          functab      0000
intlevel4                          functab      0000
intlevel5                          functab      0000
ltemp0a                            (abs)        0080
main@F1015                         dataBANK0    0038
main@count                         cstackBANK0  0036
main@digits                        cstackBANK0  0024
main@high_byte                     cstackBANK0  0033
main@key                           cstackBANK0  0032
main@low_byte                      cstackBANK0  0034
main@program_cycle                 cstackBANK0  0035
main@ssd                           cstackBANK0  002E
read_digital_keypad@i              cstackCOMMON 0072
read_digital_keypad@once           dataCOMMON   007C
read_digital_keypad@trigger_method cstackCOMMON 0071
reset_vec                          reset_vec    0000
start                              init         0000
start_initialization               cinit        07E8
ttemp0a                            (abs)        007F
wtemp0                             (abs)        007E
wtemp0a                            (abs)        007F


MODULE INFORMATION

Module		Function		Class		Link	Load	Size
/opt/microchip/xc8/v3.10/pic/sources/c99/pic/__eeread.c
		_eeprom_read   		CODE           	05A2	0000	21

/opt/microchip/xc8/v3.10/pic/sources/c99/pic/__eeread.c estimated size: 21

/home/krubro/Desktop/Emertxe/MC-Assignments/AS-15/digital_keypad.c
		_init_digital_keypad		CODE           	0564	0000	7
		_read_digital_keypad		CODE           	0696	0000	75

/home/krubro/Desktop/Emertxe/MC-Assignments/AS-15/digital_keypad.c estimated size: 82

/opt/microchip/xc8/v3.10/pic/sources/c99/common/lwmod.c
		___lwmod       		CODE           	05E2	0000	56

/opt/microchip/xc8/v3.10/pic/sources/c99/common/lwmod.c estimated size: 56

/opt/microchip/xc8/v3.10/pic/sources/c99/pic/__eewrite.c
		_eeprom_write  		CODE           	05B7	0000	43

/opt/microchip/xc8/v3.10/pic/sources/c99/pic/__eewrite.c estimated size: 43

/home/krubro/Desktop/Emertxe/MC-Assignments/AS-15/main.c
		_main          		CODE           	06E1	0000	263
		_init_Config   		CODE           	0575	0000	11

/home/krubro/Desktop/Emertxe/MC-Assignments/AS-15/main.c estimated size: 274

/home/krubro/Desktop/Emertxe/MC-Assignments/AS-15/ssd.c
		_display       		CODE           	061A	0000	58
		_ssdInit       		CODE           	0580	0000	15

/home/krubro/Desktop/Emertxe/MC-Assignments/AS-15/ssd.c estimated size: 73

shared
		__initialization		CODE           	07E8	0000	20

shared estimated size: 20

/opt/microchip/xc8/v3.10/pic/sources/c99/common/lwdiv.c
		___lwdiv       		CODE           	0654	0000	66

/opt/microchip/xc8/v3.10/pic/sources/c99/common/lwdiv.c estimated size: 66

